Archive member included because of file (symbol)

c:/linaro/gnu tools arm embedded/4.7 2013q1/bin/../lib/gcc/arm-none-eabi/4.7.3/armv7e-m/fpu\libgcc.a(_arm_addsubdf3.o)
                              ..\obj\main.o (__aeabi_dsub)
c:/linaro/gnu tools arm embedded/4.7 2013q1/bin/../lib/gcc/arm-none-eabi/4.7.3/armv7e-m/fpu\libgcc.a(_arm_muldivdf3.o)
                              ..\obj\main.o (__aeabi_dmul)
c:/linaro/gnu tools arm embedded/4.7 2013q1/bin/../lib/gcc/arm-none-eabi/4.7.3/armv7e-m/fpu\libgcc.a(_arm_cmpdf2.o)
                              ..\obj\main.o (__aeabi_dcmplt)
c:/linaro/gnu tools arm embedded/4.7 2013q1/bin/../lib/gcc/arm-none-eabi/4.7.3/../../../../arm-none-eabi/lib/armv7e-m/fpu\libc.a(lib_a-__atexit.o)
                              c:/linaro/gnu tools arm embedded/4.7 2013q1/bin/../lib/gcc/arm-none-eabi/4.7.3/../../../../arm-none-eabi/lib/armv7e-m/fpu/crt0.o (__register_exitproc)
c:/linaro/gnu tools arm embedded/4.7 2013q1/bin/../lib/gcc/arm-none-eabi/4.7.3/../../../../arm-none-eabi/lib/armv7e-m/fpu\libc.a(lib_a-exit.o)
                              c:/linaro/gnu tools arm embedded/4.7 2013q1/bin/../lib/gcc/arm-none-eabi/4.7.3/../../../../arm-none-eabi/lib/armv7e-m/fpu/crt0.o (exit)
c:/linaro/gnu tools arm embedded/4.7 2013q1/bin/../lib/gcc/arm-none-eabi/4.7.3/../../../../arm-none-eabi/lib/armv7e-m/fpu\libc.a(lib_a-fini.o)
                              c:/linaro/gnu tools arm embedded/4.7 2013q1/bin/../lib/gcc/arm-none-eabi/4.7.3/../../../../arm-none-eabi/lib/armv7e-m/fpu/crt0.o (__libc_fini_array)
c:/linaro/gnu tools arm embedded/4.7 2013q1/bin/../lib/gcc/arm-none-eabi/4.7.3/../../../../arm-none-eabi/lib/armv7e-m/fpu\libc.a(lib_a-impure.o)
                              c:/linaro/gnu tools arm embedded/4.7 2013q1/bin/../lib/gcc/arm-none-eabi/4.7.3/../../../../arm-none-eabi/lib/armv7e-m/fpu\libc.a(lib_a-__atexit.o) (_global_impure_ptr)
c:/linaro/gnu tools arm embedded/4.7 2013q1/bin/../lib/gcc/arm-none-eabi/4.7.3/../../../../arm-none-eabi/lib/armv7e-m/fpu\libc.a(lib_a-init.o)
                              c:/linaro/gnu tools arm embedded/4.7 2013q1/bin/../lib/gcc/arm-none-eabi/4.7.3/../../../../arm-none-eabi/lib/armv7e-m/fpu/crt0.o (__libc_init_array)
c:/linaro/gnu tools arm embedded/4.7 2013q1/bin/../lib/gcc/arm-none-eabi/4.7.3/../../../../arm-none-eabi/lib/armv7e-m/fpu\libc.a(lib_a-memset.o)
                              c:/linaro/gnu tools arm embedded/4.7 2013q1/bin/../lib/gcc/arm-none-eabi/4.7.3/../../../../arm-none-eabi/lib/armv7e-m/fpu/crt0.o (memset)
c:/linaro/gnu tools arm embedded/4.7 2013q1/bin/../lib/gcc/arm-none-eabi/4.7.3/../../../../arm-none-eabi/lib/armv7e-m/fpu\libc.a(lib_a-printf.o)
                              ..\obj\HyperTerminal.o (printf)
c:/linaro/gnu tools arm embedded/4.7 2013q1/bin/../lib/gcc/arm-none-eabi/4.7.3/../../../../arm-none-eabi/lib/armv7e-m/fpu\libc.a(lib_a-sprintf.o)
                              ..\obj\stm32f4xx_usart.o (sprintf)
c:/linaro/gnu tools arm embedded/4.7 2013q1/bin/../lib/gcc/arm-none-eabi/4.7.3/../../../../arm-none-eabi/lib/armv7e-m/fpu\libc.a(lib_a-strtod.o)
                              ..\obj\main.o (strtod)
c:/linaro/gnu tools arm embedded/4.7 2013q1/bin/../lib/gcc/arm-none-eabi/4.7.3/../../../../arm-none-eabi/lib/armv7e-m/fpu\libc.a(lib_a-svfprintf.o)
                              c:/linaro/gnu tools arm embedded/4.7 2013q1/bin/../lib/gcc/arm-none-eabi/4.7.3/../../../../arm-none-eabi/lib/armv7e-m/fpu\libc.a(lib_a-sprintf.o) (_svfprintf_r)
c:/linaro/gnu tools arm embedded/4.7 2013q1/bin/../lib/gcc/arm-none-eabi/4.7.3/../../../../arm-none-eabi/lib/armv7e-m/fpu\libc.a(lib_a-vfprintf.o)
                              c:/linaro/gnu tools arm embedded/4.7 2013q1/bin/../lib/gcc/arm-none-eabi/4.7.3/../../../../arm-none-eabi/lib/armv7e-m/fpu\libc.a(lib_a-printf.o) (_vfprintf_r)
c:/linaro/gnu tools arm embedded/4.7 2013q1/bin/../lib/gcc/arm-none-eabi/4.7.3/../../../../arm-none-eabi/lib/armv7e-m/fpu\libc.a(lib_a-wsetup.o)
                              c:/linaro/gnu tools arm embedded/4.7 2013q1/bin/../lib/gcc/arm-none-eabi/4.7.3/../../../../arm-none-eabi/lib/armv7e-m/fpu\libc.a(lib_a-vfprintf.o) (__swsetup_r)
c:/linaro/gnu tools arm embedded/4.7 2013q1/bin/../lib/gcc/arm-none-eabi/4.7.3/../../../../arm-none-eabi/lib/armv7e-m/fpu\libc.a(lib_a-__call_atexit.o)
                              c:/linaro/gnu tools arm embedded/4.7 2013q1/bin/../lib/gcc/arm-none-eabi/4.7.3/../../../../arm-none-eabi/lib/armv7e-m/fpu\libc.a(lib_a-exit.o) (__call_exitprocs)
c:/linaro/gnu tools arm embedded/4.7 2013q1/bin/../lib/gcc/arm-none-eabi/4.7.3/../../../../arm-none-eabi/lib/armv7e-m/fpu\libc.a(lib_a-atexit.o)
                              c:/linaro/gnu tools arm embedded/4.7 2013q1/bin/../lib/gcc/arm-none-eabi/4.7.3/../../../../arm-none-eabi/lib/armv7e-m/fpu\libc.a(lib_a-__call_atexit.o) (atexit)
c:/linaro/gnu tools arm embedded/4.7 2013q1/bin/../lib/gcc/arm-none-eabi/4.7.3/../../../../arm-none-eabi/lib/armv7e-m/fpu\libc.a(lib_a-dtoa.o)
[...]
Memory Configuration

Name             Origin             Length             Attributes
rom              0x08000000         0x00100000         xr
ram              0x20000000         0x00020000         xrw
ram1             0x10000000         0x00010000         xrw
*default*        0x00000000         0xffffffff

Linker script and memory map

LOAD c:/linaro/gnu tools arm embedded/4.7 2013q1/bin/../lib/gcc/arm-none-eabi/4.7.3/armv7e-m/fpu/crti.o
LOAD c:/linaro/gnu tools arm embedded/4.7 2013q1/bin/../lib/gcc/arm-none-eabi/4.7.3/armv7e-m/fpu/crtbegin.o
LOAD c:/linaro/gnu tools arm embedded/4.7 2013q1/bin/../lib/gcc/arm-none-eabi/4.7.3/../../../../arm-none-eabi/lib/armv7e-m/fpu/crt0.o
                0x20020000                _eram = 0x20020000

.text           0x08000000     0xbdb8
 *(.isr_vector)
 .isr_vector    0x08000000      0x188 ..\obj\startup_stm32f4xx.o
                0x08000000                g_pfnVectors
 *(.text*)
 .text          0x08000188       0x54 c:/linaro/gnu tools arm embedded/4.7 2013q1/bin/../lib/gcc/arm-none-eabi/4.7.3/armv7e-m/fpu/crtbegin.o
 .text.TIM5_IRQHandler
                0x080001dc       0xa0 ..\obj\RTC_LSI.o
                0x080001dc                TIM5_IRQHandler
 .text.USART_Init
                0x0800027c      0x1ac ..\obj\stm32f4xx_usart.o
                0x0800027c                USART_Init
 .text.USART_Cmd
                0x08000428       0x40 ..\obj\stm32f4xx_usart.o
                0x08000428                USART_Cmd
 .text.USART_SendData
                0x08000468       0x58 ..\obj\stm32f4xx_usart.o
                0x08000468                USART_SendData
 .text.usart_putc
                0x080004c0       0x34 ..\obj\stm32f4xx_usart.o
                0x080004c0                usart_putc
 .text.usart_puts
                0x080004f4       0x30 ..\obj\stm32f4xx_usart.o
                0x080004f4                usart_puts
 .text.usart_putint
                0x08000524       0x30 ..\obj\stm32f4xx_usart.o
                0x08000524                usart_putint
 .text.usart_putfloat
                0x08000554       0x38 ..\obj\stm32f4xx_usart.o
                0x08000554                usart_putfloat
 .text.USART_ITConfig
                0x0800058c       0xa4 ..\obj\stm32f4xx_usart.o
                0x0800058c                USART_ITConfig
 .text.USART_GetFlagStatus
                0x08000630       0x40 ..\obj\stm32f4xx_usart.o
                0x08000630                USART_GetFlagStatus
 .text.USART_GetITStatus
                0x08000670       0xc4 ..\obj\stm32f4xx_usart.o
                0x08000670                USART_GetITStatus
 .text.PWR_BackupAccessCmd
                0x08000734       0x20 ..\obj\stm32f4xx_pwr.o
                0x08000734                PWR_BackupAccessCmd
 .text.Default_Reset_Handler
                0x08000754       0x7c ..\obj\startup_stm32f4xx.o
                0x08000754                Default_Reset_Handler
                0x08000754                Reset_Handler
 .text.Default_Handler
                0x080007d0        0x8 ..\obj\startup_stm32f4xx.o
                0x080007d0                RTC_Alarm_IRQHandler
                0x080007d0                HASH_RNG_IRQHandler
                0x080007d0                EXTI2_IRQHandler
                0x080007d0                TIM8_CC_IRQHandler
                0x080007d0                DebugMon_Handler
                0x080007d0                TIM1_CC_IRQHandler
                0x080007d0                DMA2_Stream5_IRQHandler
                0x080007d0                HardFault_Handler
                0x080007d0                DMA1_Stream5_IRQHandler
                0x080007d0                PVD_IRQHandler
                0x080007d0                SDIO_IRQHandler
                0x080007d0                TAMP_STAMP_IRQHandler
                0x080007d0                PendSV_Handler
                0x080007d0                NMI_Handler
                0x080007d0                CAN2_RX1_IRQHandler
                0x080007d0                EXTI3_IRQHandler
                0x080007d0                TIM8_TRG_COM_TIM14_IRQHandler
                0x080007d0                TIM1_UP_TIM10_IRQHandler
                0x080007d0                TIM8_UP_TIM13_IRQHandler
                0x080007d0                I2C3_ER_IRQHandler
                0x080007d0                I2C2_EV_IRQHandler
                0x080007d0                DMA1_Stream2_IRQHandler
                0x080007d0                CAN1_RX0_IRQHandler
                0x080007d0                FPU_IRQHandler
                0x080007d0                OTG_HS_WKUP_IRQHandler
                0x080007d0                UsageFault_Handler
                0x080007d0                CAN2_SCE_IRQHandler
                0x080007d0                DMA2_Stream2_IRQHandler
                0x080007d0                SPI1_IRQHandler
                0x080007d0                TIM6_DAC_IRQHandler
                0x080007d0                TIM1_BRK_TIM9_IRQHandler
                0x080007d0                DCMI_IRQHandler
                0x080007d0                CAN2_RX0_IRQHandler
                0x080007d0                DMA2_Stream3_IRQHandler
                0x080007d0                USART6_IRQHandler
                0x080007d0                CRYP_IRQHandler
                0x080007d0                CAN1_RX1_IRQHandler
                0x080007d0                UART5_IRQHandler
                0x080007d0                DMA2_Stream0_IRQHandler
                0x080007d0                TIM4_IRQHandler
                0x080007d0                I2C1_EV_IRQHandler
                0x080007d0                DMA1_Stream6_IRQHandler
                0x080007d0                DMA1_Stream1_IRQHandler
                0x080007d0                UART4_IRQHandler
                0x080007d0                TIM3_IRQHandler
                0x080007d0                RCC_IRQHandler
                0x080007d0                TIM8_BRK_TIM12_IRQHandler
                0x080007d0                EXTI15_10_IRQHandler
                0x080007d0                ADC_IRQHandler
                0x080007d0                DMA1_Stream7_IRQHandler
                0x080007d0                TIM7_IRQHandler
                0x080007d0                CAN2_TX_IRQHandler
                0x080007d0                DMA2_Stream7_IRQHandler
                0x080007d0                I2C3_EV_IRQHandler
                0x080007d0                EXTI9_5_IRQHandler
                0x080007d0                RTC_WKUP_IRQHandler
                0x080007d0                ETH_WKUP_IRQHandler
                0x080007d0                SPI2_IRQHandler
                0x080007d0                OTG_HS_EP1_IN_IRQHandler
                0x080007d0                MemManage_Handler
                0x080007d0                DMA1_Stream0_IRQHandler
                0x080007d0                CAN1_TX_IRQHandler
                0x080007d0                SVC_Handler
                0x080007d0                EXTI4_IRQHandler
                0x080007d0                FSMC_IRQHandler
                0x080007d0                ETH_IRQHandler
                0x080007d0                OTG_HS_EP1_OUT_IRQHandler
                0x080007d0                WWDG_IRQHandler
                0x080007d0                TIM2_IRQHandler
                0x080007d0                OTG_FS_WKUP_IRQHandler
                0x080007d0                TIM1_TRG_COM_TIM11_IRQHandler
                0x080007d0                OTG_HS_IRQHandler
                0x080007d0                EXTI1_IRQHandler
                0x080007d0                USART2_IRQHandler
                0x080007d0                I2C2_ER_IRQHandler
                0x080007d0                DMA2_Stream1_IRQHandler
                0x080007d0                CAN1_SCE_IRQHandler
                0x080007d0                FLASH_IRQHandler
                0x080007d0                DMA2_Stream4_IRQHandler
                0x080007d0                BusFault_Handler
                0x080007d0                USART1_IRQHandler
                0x080007d0                OTG_FS_IRQHandler
                0x080007d0                SPI3_IRQHandler
                0x080007d0                DMA1_Stream4_IRQHandler
                0x080007d0                I2C1_ER_IRQHandler
                0x080007d0                DMA2_Stream6_IRQHandler
                0x080007d0                DMA1_Stream3_IRQHandler
 .text.NVIC_SetPriority
                0x080007d8       0x5c ..\obj\main.o
 .text.SysTick_Config
                0x08000834       0x64 ..\obj\main.o
 .text.NVIC_Conf
                0x08000898       0x44 ..\obj\main.o
                0x08000898                NVIC_Conf
 .text.usart_init
                0x080008dc       0xf4 ..\obj\main.o
                0x080008dc                usart_init
 .text.wyswietlanie.8211
                0x080009d0      0x5f8 ..\obj\main.o
 .text.main     0x08000fc8      0xc80 ..\obj\main.o
                0x08000fc8                main
 .text.SysTick_Handler
                0x08001c48       0x90 ..\obj\main.o
                0x08001c48                SysTick_Handler
 .text.Delay    0x08001cd8       0x30 ..\obj\main.o
                0x08001cd8                Delay
 .text.TimingDelay_Decrement
                0x08001d08       0x30 ..\obj\main.o
                0x08001d08                TimingDelay_Decrement
 .text.USART3_IRQHandler
                0x08001d38       0xd4 ..\obj\main.o
                0x08001d38                USART3_IRQHandler
 .text.SYSTICK_Conf
                0x08001e0c       0x20 ..\obj\main.o
                0x08001e0c                SYSTICK_Conf
 .text.odbior_rs
                0x08001e2c       0x70 ..\obj\main.o
                0x08001e2c                odbior_rs
 .text.getchannels
                0x08001e9c      0x294 ..\obj\main.o
                0x08001e9c                getchannels
 .text.getadam  0x08002130       0x64 ..\obj\main.o
                0x08002130                getadam
 .text.rtc_setup
                0x08002194       0xbc ..\obj\main.o
                0x08002194                rtc_setup
 .text.ADC3_4CH_DMA_Config
                0x08002250      0x1fc ..\obj\main.o
                0x08002250                ADC3_4CH_DMA_Config
 .text.obiegkrotkion
                0x0800244c       0x44 ..\obj\main.o
                0x0800244c                obiegkrotkion
 .text.obiegdlugion
                0x08002490       0x44 ..\obj\main.o
                0x08002490                obiegdlugion
 .text.pompabiegup
                0x080024d4       0x44 ..\obj\main.o
                0x080024d4                pompabiegup
 .text.pompabiegdown
                0x08002518      0x1a8 ..\obj\main.o
                0x08002518                pompabiegdown
 .text.RCC_HSEConfig
                0x080026c0       0x30 ..\obj\stm32f4xx_rcc.o
                0x080026c0                RCC_HSEConfig
 .text.RCC_LSEConfig
                0x080026f0       0x60 ..\obj\stm32f4xx_rcc.o
                0x080026f0                RCC_LSEConfig
 .text.RCC_GetClocksFreq
                0x08002750      0x1cc ..\obj\stm32f4xx_rcc.o
                0x08002750                RCC_GetClocksFreq
 .text.RCC_RTCCLKConfig
                0x0800291c       0x74 ..\obj\stm32f4xx_rcc.o
                0x0800291c                RCC_RTCCLKConfig
 .text.RCC_RTCCLKCmd
                0x08002990       0x20 ..\obj\stm32f4xx_rcc.o
                0x08002990                RCC_RTCCLKCmd
 .text.RCC_AHB1PeriphClockCmd
                0x080029b0       0x54 ..\obj\stm32f4xx_rcc.o
                0x080029b0                RCC_AHB1PeriphClockCmd
 .text.RCC_APB1PeriphClockCmd
                0x08002a04       0x54 ..\obj\stm32f4xx_rcc.o
                0x08002a04                RCC_APB1PeriphClockCmd
 .text.RCC_APB2PeriphClockCmd
                0x08002a58       0x54 ..\obj\stm32f4xx_rcc.o
                0x08002a58                RCC_APB2PeriphClockCmd
 .text.RCC_APB2PeriphResetCmd
                0x08002aac       0x54 ..\obj\stm32f4xx_rcc.o
                0x08002aac                RCC_APB2PeriphResetCmd
 .text.RCC_GetFlagStatus
                0x08002b00       0x90 ..\obj\stm32f4xx_rcc.o
                0x08002b00                RCC_GetFlagStatus
 .text.ADC_DeInit
                0x08002b90       0x20 ..\obj\stm32f4xx_adc.o
                0x08002b90                ADC_DeInit
 .text.ADC_Init
                0x08002bb0       0xb8 ..\obj\stm32f4xx_adc.o
                0x08002bb0                ADC_Init
 .text.ADC_CommonInit
                0x08002c68       0x5c ..\obj\stm32f4xx_adc.o
                0x08002c68                ADC_CommonInit
 .text.ADC_Cmd  0x08002cc4       0x38 ..\obj\stm32f4xx_adc.o
                0x08002cc4                ADC_Cmd
 .text.ADC_RegularChannelConfig
                0x08002cfc      0x1bc ..\obj\stm32f4xx_adc.o
                0x08002cfc                ADC_RegularChannelConfig
 .text.ADC_SoftwareStartConv
                0x08002eb8       0x20 ..\obj\stm32f4xx_adc.o
                0x08002eb8                ADC_SoftwareStartConv
 .text.ADC_EOCOnEachRegularChannelCmd
                0x08002ed8       0x38 ..\obj\stm32f4xx_adc.o
                0x08002ed8                ADC_EOCOnEachRegularChannelCmd
 .text.ADC_DMACmd
                0x08002f10       0x38 ..\obj\stm32f4xx_adc.o
                0x08002f10                ADC_DMACmd
 .text.ADC_DMARequestAfterLastTransferCmd
                0x08002f48       0x38 ..\obj\stm32f4xx_adc.o
                0x08002f48                ADC_DMARequestAfterLastTransferCmd
 .text.TIM6_Config
                0x08002f80       0x70 ..\obj\dacinit.o
                0x08002f80                TIM6_Config
 .text.EXTI0_IRQHandler
                0x08002ff0       0x4c ..\obj\dacinit.o
                0x08002ff0                EXTI0_IRQHandler
 .text.GPIO_Init
                0x0800303c      0x144 ..\obj\stm32f4xx_gpio.o
                0x0800303c                GPIO_Init
 .text.GPIO_PinAFConfig
                0x08003180       0xa8 ..\obj\stm32f4xx_gpio.o
                0x08003180                GPIO_PinAFConfig
 .text._sbrk    0x08003228       0x5c ..\obj\syscalls.o
                0x08003228                _sbrk
 .text.DMA_Init
                0x08003284       0xb0 ..\obj\stm32f4xx_dma.o
                0x08003284                DMA_Init
 .text.DMA_Cmd  0x08003334       0x38 ..\obj\stm32f4xx_dma.o
                0x08003334                DMA_Cmd
 .text.itoa     0x0800336c       0xb4 ..\obj\itoa.o
                0x0800336c                itoa
 .text.__reverse
                0x08003420       0x44 ..\obj\itoa.o
 .text.EXTI_GetITStatus
                0x08003464       0x58 ..\obj\stm32f4xx_exti.o
                0x08003464                EXTI_GetITStatus
 .text.EXTI_ClearITPendingBit
                0x080034bc       0x20 ..\obj\stm32f4xx_exti.o
                0x080034bc                EXTI_ClearITPendingBit
 .text.NVIC_PriorityGroupConfig
                0x080034dc       0x28 ..\obj\misc.o
                0x080034dc                NVIC_PriorityGroupConfig
 .text.NVIC_Init
                0x08003504       0xe4 ..\obj\misc.o
                0x08003504                NVIC_Init
 .text.NVIC_SetVectorTable
                0x080035e8       0x2c ..\obj\misc.o
                0x080035e8                NVIC_SetVectorTable
 .text.SysTick_CLKSourceConfig
                0x08003614       0x4c ..\obj\misc.o
                0x08003614                SysTick_CLKSourceConfig
 .text.tr_cursor_hide
                0x08003660       0x44 ..\obj\mkterm.o
                0x08003660                tr_cursor_hide
 .text.tr_cls   0x080036a4       0x58 ..\obj\mkterm.o
                0x080036a4                tr_cls
 .text.tr_locate
                0x080036fc       0x80 ..\obj\mkterm.o
                0x080036fc                tr_locate
 .text.tr_attr  0x0800377c       0xcc ..\obj\mkterm.o
                0x0800377c                tr_attr
 .text.RTC_Init
                0x08003848       0xc0 ..\obj\stm32f4xx_rtc.o
                0x08003848                RTC_Init
 .text.RTC_EnterInitMode
                0x08003908       0x94 ..\obj\stm32f4xx_rtc.o
                0x08003908                RTC_EnterInitMode
 .text.RTC_ExitInitMode
                0x0800399c       0x24 ..\obj\stm32f4xx_rtc.o
                0x0800399c                RTC_ExitInitMode
 .text.RTC_WaitForSynchro
                0x080039c0       0xb0 ..\obj\stm32f4xx_rtc.o
                0x080039c0                RTC_WaitForSynchro
 .text.RTC_GetTime
                0x08003a70       0xa8 ..\obj\stm32f4xx_rtc.o
                0x08003a70                RTC_GetTime
 .text.RTC_Bcd2ToByte
                0x08003b18       0x40 ..\obj\stm32f4xx_rtc.o
 .text.TIM_TimeBaseInit
                0x08003b58       0xf4 ..\obj\stm32f4xx_tim.o
                0x08003b58                TIM_TimeBaseInit
 .text.TIM_TimeBaseStructInit
                0x08003c4c       0x3c ..\obj\stm32f4xx_tim.o
                0x08003c4c                TIM_TimeBaseStructInit
 .text.TIM_Cmd  0x08003c88       0x40 ..\obj\stm32f4xx_tim.o
                0x08003c88                TIM_Cmd
 .text.TIM_GetCapture4
                0x08003cc8       0x18 ..\obj\stm32f4xx_tim.o
                0x08003cc8                TIM_GetCapture4
 .text.TIM_GetITStatus
                0x08003ce0       0x60 ..\obj\stm32f4xx_tim.o
                0x08003ce0                TIM_GetITStatus
 .text.TIM_ClearITPendingBit
                0x08003d40       0x24 ..\obj\stm32f4xx_tim.o
                0x08003d40                TIM_ClearITPendingBit
 .text.TIM_SelectOutputTrigger
                0x08003d64       0x38 ..\obj\stm32f4xx_tim.o
                0x08003d64                TIM_SelectOutputTrigger
 .text          0x08003d9c      0x370 c:/linaro/gnu tools arm embedded/4.7 2013q1/bin/../lib/gcc/arm-none-eabi/4.7.3/armv7e-m/fpu\libgcc.a(_arm_addsubdf3.o)
                0x08003d9c                __aeabi_drsub
                0x08003da4                __aeabi_dsub
                0x08003da4                __subdf3
                0x08003da8                __aeabi_dadd
                0x08003da8                __adddf3
                0x08004020                __floatunsidf
                0x08004020                __aeabi_ui2d
                0x08004040                __floatsidf
                0x08004040                __aeabi_i2d
                0x08004064                __aeabi_f2d
                0x08004064                __extendsfdf2
                0x080040a0                __floatundidf
                0x080040a0                __aeabi_ul2d
                0x080040b0                __floatdidf
                0x080040b0                __aeabi_l2d
 .text          0x0800410c      0x424 c:/linaro/gnu tools arm embedded/4.7 2013q1/bin/../lib/gcc/arm-none-eabi/4.7.3/armv7e-m/fpu\libgcc.a(_arm_muldivdf3.o)
                0x0800410c                __aeabi_dmul
                0x0800410c                __muldf3
                0x08004360                __divdf3
                0x08004360                __aeabi_ddiv
 .text          0x08004530      0x110 c:/linaro/gnu tools arm embedded/4.7 2013q1/bin/../lib/gcc/arm-none-eabi/4.7.3/armv7e-m/fpu\libgcc.a(_arm_cmpdf2.o)
                0x08004530                __gtdf2
                0x08004530                __gedf2
                0x08004538                __ltdf2
                0x08004538                __ledf2
                0x08004540                __nedf2
                0x08004540                __eqdf2
                0x08004540                __cmpdf2
                0x080045bc                __aeabi_cdrcmple
                0x080045cc                __aeabi_cdcmpeq
                0x080045cc                __aeabi_cdcmple
                0x080045dc                __aeabi_dcmpeq
                0x080045f0                __aeabi_dcmplt
                0x08004604                __aeabi_dcmple
                0x08004618                __aeabi_dcmpge
                0x0800462c                __aeabi_dcmpgt
 .text.__register_exitproc
                0x08004640       0xac c:/linaro/gnu tools arm embedded/4.7 2013q1/bin/../lib/gcc/arm-none-eabi/4.7.3/../../../../arm-none-eabi/lib/armv7e-m/fpu\libc.a(lib_a-__atexit.o)
                0x08004640                __register_exitproc
 .text.__libc_fini_array
                0x080046ec       0x50 c:/linaro/gnu tools arm embedded/4.7 2013q1/bin/../lib/gcc/arm-none-eabi/4.7.3/../../../../arm-none-eabi/lib/armv7e-m/fpu\libc.a(lib_a-fini.o)
                0x080046ec                __libc_fini_array
 .text.memset   0x0800473c      0x12c c:/linaro/gnu tools arm embedded/4.7 2013q1/bin/../lib/gcc/arm-none-eabi/4.7.3/../../../../arm-none-eabi/lib/armv7e-m/fpu\libc.a(lib_a-memset.o)
                0x0800473c                memset
 .text.sprintf  0x08004868       0x50 c:/linaro/gnu tools arm embedded/4.7 2013q1/bin/../lib/gcc/arm-none-eabi/4.7.3/../../../../arm-none-eabi/lib/armv7e-m/fpu\libc.a(lib_a-sprintf.o)
                0x08004868                sprintf
 .text._strtod_r
                0x080048b8      0xee8 c:/linaro/gnu tools arm embedded/4.7 2013q1/bin/../lib/gcc/arm-none-eabi/4.7.3/../../../../arm-none-eabi/lib/armv7e-m/fpu\libc.a(lib_a-strtod.o)
                0x080048b8                _strtod_r
 .text.strtod   0x080057a0       0x18 c:/linaro/gnu tools arm embedded/4.7 2013q1/bin/../lib/gcc/arm-none-eabi/4.7.3/../../../../arm-none-eabi/lib/armv7e-m/fpu\libc.a(lib_a-strtod.o)
                0x080057a0                strtod
 .text._svfprintf_r
                0x080057b8     0x1b14 c:/linaro/gnu tools arm embedded/4.7 2013q1/bin/../lib/gcc/arm-none-eabi/4.7.3/../../../../arm-none-eabi/lib/armv7e-m/fpu\libc.a(lib_a-svfprintf.o)
                0x080057b8                _svfprintf_r
 .text.startup.register_fini
                0x080072cc       0x14 c:/linaro/gnu tools arm embedded/4.7 2013q1/bin/../lib/gcc/arm-none-eabi/4.7.3/../../../../arm-none-eabi/lib/armv7e-m/fpu\libc.a(lib_a-__call_atexit.o)
 .text.atexit   0x080072e0        0xc c:/linaro/gnu tools arm embedded/4.7 2013q1/bin/../lib/gcc/arm-none-eabi/4.7.3/../../../../arm-none-eabi/lib/armv7e-m/fpu\libc.a(lib_a-atexit.o)
                0x080072e0                atexit
 .text.quorem   0x080072ec      0x2ec c:/linaro/gnu tools arm embedded/4.7 2013q1/bin/../lib/gcc/arm-none-eabi/4.7.3/../../../../arm-none-eabi/lib/armv7e-m/fpu\libc.a(lib_a-dtoa.o)
 .text._dtoa_r  0x080075d8     0x1260 c:/linaro/gnu tools arm embedded/4.7 2013q1/bin/../lib/gcc/arm-none-eabi/4.7.3/../../../../arm-none-eabi/lib/armv7e-m/fpu\libc.a(lib_a-dtoa.o)
                0x080075d8                _dtoa_r
 .text._malloc_trim_r
                0x08008838       0x98 c:/linaro/gnu tools arm embedded/4.7 2013q1/bin/../lib/gcc/arm-none-eabi/4.7.3/../../../../arm-none-eabi/lib/armv7e-m/fpu\libc.a(lib_a-freer.o)
                0x08008838                _malloc_trim_r
 .text._free_r  0x080088d0      0x194 c:/linaro/gnu tools arm embedded/4.7 2013q1/bin/../lib/gcc/arm-none-eabi/4.7.3/../../../../arm-none-eabi/lib/armv7e-m/fpu\libc.a(lib_a-freer.o)
                0x080088d0                _free_r
 .text.rshift   0x08008a64      0x13c c:/linaro/gnu tools arm embedded/4.7 2013q1/bin/../lib/gcc/arm-none-eabi/4.7.3/../../../../arm-none-eabi/lib/armv7e-m/fpu\libc.a(lib_a-gdtoa-gethex.o)
 .text.__hexdig_init
                0x08008ba0       0x50 c:/linaro/gnu tools arm embedded/4.7 2013q1/bin/../lib/gcc/arm-none-eabi/4.7.3/../../../../arm-none-eabi/lib/armv7e-m/fpu\libc.a(lib_a-gdtoa-gethex.o)
                0x08008ba0                __hexdig_init
 .text.__gethex
                0x08008bf0      0x58c c:/linaro/gnu tools arm embedded/4.7 2013q1/bin/../lib/gcc/arm-none-eabi/4.7.3/../../../../arm-none-eabi/lib/armv7e-m/fpu\libc.a(lib_a-gdtoa-gethex.o)
                0x08008bf0                __gethex
 .text.__hexnan
                0x0800917c      0x2f0 c:/linaro/gnu tools arm embedded/4.7 2013q1/bin/../lib/gcc/arm-none-eabi/4.7.3/../../../../arm-none-eabi/lib/armv7e-m/fpu\libc.a(lib_a-gdtoa-hexnan.o)
                0x0800917c                __hexnan
 .text._localeconv_r
                0x0800946c        0xc c:/linaro/gnu tools arm embedded/4.7 2013q1/bin/../lib/gcc/arm-none-eabi/4.7.3/../../../../arm-none-eabi/lib/armv7e-m/fpu\libc.a(lib_a-locale.o)
                0x0800946c                _localeconv_r
 .text._malloc_r
                0x08009478      0x55c c:/linaro/gnu tools arm embedded/4.7 2013q1/bin/../lib/gcc/arm-none-eabi/4.7.3/../../../../arm-none-eabi/lib/armv7e-m/fpu\libc.a(lib_a-mallocr.o)
                0x08009478                _malloc_r
 .text.memchr   0x080099d4      0x140 c:/linaro/gnu tools arm embedded/4.7 2013q1/bin/../lib/gcc/arm-none-eabi/4.7.3/../../../../arm-none-eabi/lib/armv7e-m/fpu\libc.a(lib_a-memchr.o)
                0x080099d4                memchr
 .text.memcpy   0x08009b14      0x144 c:/linaro/gnu tools arm embedded/4.7 2013q1/bin/../lib/gcc/arm-none-eabi/4.7.3/../../../../arm-none-eabi/lib/armv7e-m/fpu\libc.a(lib_a-memcpy.o)
                0x08009b14                memcpy
 .text.__malloc_lock
                0x08009c58        0x4 c:/linaro/gnu tools arm embedded/4.7 2013q1/bin/../lib/gcc/arm-none-eabi/4.7.3/../../../../arm-none-eabi/lib/armv7e-m/fpu\libc.a(lib_a-mlock.o)
                0x08009c58                __malloc_lock
 .text.__malloc_unlock
                0x08009c5c        0x4 c:/linaro/gnu tools arm embedded/4.7 2013q1/bin/../lib/gcc/arm-none-eabi/4.7.3/../../../../arm-none-eabi/lib/armv7e-m/fpu\libc.a(lib_a-mlock.o)
                0x08009c5c                __malloc_unlock
 .text._Balloc  0x08009c60       0x4c c:/linaro/gnu tools arm embedded/4.7 2013q1/bin/../lib/gcc/arm-none-eabi/4.7.3/../../../../arm-none-eabi/lib/armv7e-m/fpu\libc.a(lib_a-mprec.o)
                0x08009c60                _Balloc
 .text._Bfree   0x08009cac       0x14 c:/linaro/gnu tools arm embedded/4.7 2013q1/bin/../lib/gcc/arm-none-eabi/4.7.3/../../../../arm-none-eabi/lib/armv7e-m/fpu\libc.a(lib_a-mprec.o)
                0x08009cac                _Bfree
 .text.__multadd
                0x08009cc0       0xf8 c:/linaro/gnu tools arm embedded/4.7 2013q1/bin/../lib/gcc/arm-none-eabi/4.7.3/../../../../arm-none-eabi/lib/armv7e-m/fpu\libc.a(lib_a-mprec.o)
                0x08009cc0                __multadd
 .text.__s2b    0x08009db8      0x140 c:/linaro/gnu tools arm embedded/4.7 2013q1/bin/../lib/gcc/arm-none-eabi/4.7.3/../../../../arm-none-eabi/lib/armv7e-m/fpu\libc.a(lib_a-mprec.o)
                0x08009db8                __s2b
 .text.__hi0bits
                0x08009ef8       0x3c c:/linaro/gnu tools arm embedded/4.7 2013q1/bin/../lib/gcc/arm-none-eabi/4.7.3/../../../../arm-none-eabi/lib/armv7e-m/fpu\libc.a(lib_a-mprec.o)
                0x08009ef8                __hi0bits
 .text.__lo0bits
                0x08009f34       0x5c c:/linaro/gnu tools arm embedded/4.7 2013q1/bin/../lib/gcc/arm-none-eabi/4.7.3/../../../../arm-none-eabi/lib/armv7e-m/fpu\libc.a(lib_a-mprec.o)
                0x08009f34                __lo0bits
 .text.__i2b    0x08009f90       0x14 c:/linaro/gnu tools arm embedded/4.7 2013q1/bin/../lib/gcc/arm-none-eabi/4.7.3/../../../../arm-none-eabi/lib/armv7e-m/fpu\libc.a(lib_a-mprec.o)
                0x08009f90                __i2b
 .text.__multiply
                0x08009fa4      0x2d0 c:/linaro/gnu tools arm embedded/4.7 2013q1/bin/../lib/gcc/arm-none-eabi/4.7.3/../../../../arm-none-eabi/lib/armv7e-m/fpu\libc.a(lib_a-mprec.o)
                0x08009fa4                __multiply
 .text.__pow5mult
                0x0800a274       0x94 c:/linaro/gnu tools arm embedded/4.7 2013q1/bin/../lib/gcc/arm-none-eabi/4.7.3/../../../../arm-none-eabi/lib/armv7e-m/fpu\libc.a(lib_a-mprec.o)
                0x0800a274                __pow5mult
 .text.__lshift
                0x0800a308      0x188 c:/linaro/gnu tools arm embedded/4.7 2013q1/bin/../lib/gcc/arm-none-eabi/4.7.3/../../../../arm-none-eabi/lib/armv7e-m/fpu\libc.a(lib_a-mprec.o)
                0x0800a308                __lshift
 .text.__mcmp   0x0800a490       0x5c c:/linaro/gnu tools arm embedded/4.7 2013q1/bin/../lib/gcc/arm-none-eabi/4.7.3/../../../../arm-none-eabi/lib/armv7e-m/fpu\libc.a(lib_a-mprec.o)
                0x0800a490                __mcmp
 .text.__mdiff  0x0800a4ec      0x20c c:/linaro/gnu tools arm embedded/4.7 2013q1/bin/../lib/gcc/arm-none-eabi/4.7.3/../../../../arm-none-eabi/lib/armv7e-m/fpu\libc.a(lib_a-mprec.o)
                0x0800a4ec                __mdiff
 .text.__ulp    0x0800a6f8       0x54 c:/linaro/gnu tools arm embedded/4.7 2013q1/bin/../lib/gcc/arm-none-eabi/4.7.3/../../../../arm-none-eabi/lib/armv7e-m/fpu\libc.a(lib_a-mprec.o)
                0x0800a6f8                __ulp
 .text.__b2d    0x0800a74c       0xc4 c:/linaro/gnu tools arm embedded/4.7 2013q1/bin/../lib/gcc/arm-none-eabi/4.7.3/../../../../arm-none-eabi/lib/armv7e-m/fpu\libc.a(lib_a-mprec.o)
                0x0800a74c                __b2d
 .text.__d2b    0x0800a810       0xb4 c:/linaro/gnu tools arm embedded/4.7 2013q1/bin/../lib/gcc/arm-none-eabi/4.7.3/../../../../arm-none-eabi/lib/armv7e-m/fpu\libc.a(lib_a-mprec.o)
                0x0800a810                __d2b
 .text.__ratio  0x0800a8c4       0x5c c:/linaro/gnu tools arm embedded/4.7 2013q1/bin/../lib/gcc/arm-none-eabi/4.7.3/../../../../arm-none-eabi/lib/armv7e-m/fpu\libc.a(lib_a-mprec.o)
                0x0800a8c4                __ratio
 .text.__copybits
                0x0800a920       0xa4 c:/linaro/gnu tools arm embedded/4.7 2013q1/bin/../lib/gcc/arm-none-eabi/4.7.3/../../../../arm-none-eabi/lib/armv7e-m/fpu\libc.a(lib_a-mprec.o)
                0x0800a920                __copybits
 .text.__any_on
                0x0800a9c4       0x74 c:/linaro/gnu tools arm embedded/4.7 2013q1/bin/../lib/gcc/arm-none-eabi/4.7.3/../../../../arm-none-eabi/lib/armv7e-m/fpu\libc.a(lib_a-mprec.o)
                0x0800a9c4                __any_on
 .text.__fpclassifyd
                0x0800aa38       0x70 c:/linaro/gnu tools arm embedded/4.7 2013q1/bin/../lib/gcc/arm-none-eabi/4.7.3/../../../../arm-none-eabi/lib/armv7e-m/fpu\libc.a(lib_a-s_fpclassify.o)
                0x0800aa38                __fpclassifyd
 .text._sbrk_r  0x0800aaa8       0x24 c:/linaro/gnu tools arm embedded/4.7 2013q1/bin/../lib/gcc/arm-none-eabi/4.7.3/../../../../arm-none-eabi/lib/armv7e-m/fpu\libc.a(lib_a-sbrkr.o)
                0x0800aaa8                _sbrk_r
 .text.strlen   0x0800aacc       0x60 c:/linaro/gnu tools arm embedded/4.7 2013q1/bin/../lib/gcc/arm-none-eabi/4.7.3/../../../../arm-none-eabi/lib/armv7e-m/fpu\libc.a(lib_a-strlen.o)
                0x0800aacc                strlen
 .text.strncmp  0x0800ab2c      0x120 c:/linaro/gnu tools arm embedded/4.7 2013q1/bin/../lib/gcc/arm-none-eabi/4.7.3/../../../../arm-none-eabi/lib/armv7e-m/fpu\libc.a(lib_a-strncmp.o)
                0x0800ab2c                strncmp
 .text.__ssprint_r
                0x0800ac4c      0x100 c:/linaro/gnu tools arm embedded/4.7 2013q1/bin/../lib/gcc/arm-none-eabi/4.7.3/../../../../arm-none-eabi/lib/armv7e-m/fpu\libc.a(lib_a-svfiprintf.o)
                0x0800ac4c                __ssprint_r
 .text._calloc_r
                0x0800ad4c       0x60 c:/linaro/gnu tools arm embedded/4.7 2013q1/bin/../lib/gcc/arm-none-eabi/4.7.3/../../../../arm-none-eabi/lib/armv7e-m/fpu\libc.a(lib_a-callocr.o)
                0x0800ad4c                _calloc_r
 .text.memmove  0x0800adac      0x198 c:/linaro/gnu tools arm embedded/4.7 2013q1/bin/../lib/gcc/arm-none-eabi/4.7.3/../../../../arm-none-eabi/lib/armv7e-m/fpu\libc.a(lib_a-memmove.o)
                0x0800adac                memmove
 .text._realloc_r
                0x0800af44      0x3dc c:/linaro/gnu tools arm embedded/4.7 2013q1/bin/../lib/gcc/arm-none-eabi/4.7.3/../../../../arm-none-eabi/lib/armv7e-m/fpu\libc.a(lib_a-reallocr.o)
                0x0800af44                _realloc_r
 .text          0x0800b320       0x50 c:/linaro/gnu tools arm embedded/4.7 2013q1/bin/../lib/gcc/arm-none-eabi/4.7.3/armv7e-m/fpu\libgcc.a(_arm_fixdfsi.o)
                0x0800b320                __aeabi_d2iz
                0x0800b320                __fixdfsi
 .text          0x0800b370       0x40 c:/linaro/gnu tools arm embedded/4.7 2013q1/bin/../lib/gcc/arm-none-eabi/4.7.3/armv7e-m/fpu\libgcc.a(_arm_fixunsdfsi.o)
                0x0800b370                __aeabi_d2uiz
                0x0800b370                __fixunsdfsi
 .text          0x0800b3b0       0x2c c:/linaro/gnu tools arm embedded/4.7 2013q1/bin/../lib/gcc/arm-none-eabi/4.7.3/armv7e-m/fpu\libgcc.a(_aeabi_uldivmod.o)
                0x0800b3b0                __aeabi_uldivmod
 .text          0x0800b3dc       0x58 c:/linaro/gnu tools arm embedded/4.7 2013q1/bin/../lib/gcc/arm-none-eabi/4.7.3/armv7e-m/fpu\libgcc.a(bpabi.o)
                0x0800b3dc                __gnu_ldivmod_helper
                0x0800b408                __gnu_uldivmod_helper
 .text          0x0800b434        0x4 c:/linaro/gnu tools arm embedded/4.7 2013q1/bin/../lib/gcc/arm-none-eabi/4.7.3/armv7e-m/fpu\libgcc.a(_dvmd_tls.o)
                0x0800b434                __aeabi_idiv0
                0x0800b434                __aeabi_ldiv0
 .text          0x0800b438      0x2bc c:/linaro/gnu tools arm embedded/4.7 2013q1/bin/../lib/gcc/arm-none-eabi/4.7.3/armv7e-m/fpu\libgcc.a(_divdi3.o)
                0x0800b438                __divdi3
 .text          0x0800b6f4      0x288 c:/linaro/gnu tools arm embedded/4.7 2013q1/bin/../lib/gcc/arm-none-eabi/4.7.3/armv7e-m/fpu\libgcc.a(_udivdi3.o)
                0x0800b6f4                __udivdi3
 *(.init)
 .init          0x0800b97c        0x4 c:/linaro/gnu tools arm embedded/4.7 2013q1/bin/../lib/gcc/arm-none-eabi/4.7.3/armv7e-m/fpu/crti.o
                0x0800b97c                _init
 .init          0x0800b980        0x8 c:/linaro/gnu tools arm embedded/4.7 2013q1/bin/../lib/gcc/arm-none-eabi/4.7.3/armv7e-m/fpu/crtn.o
 *(.fini)
 .fini          0x0800b988        0x4 c:/linaro/gnu tools arm embedded/4.7 2013q1/bin/../lib/gcc/arm-none-eabi/4.7.3/armv7e-m/fpu/crti.o
                0x0800b988                _fini
 .fini          0x0800b98c        0x8 c:/linaro/gnu tools arm embedded/4.7 2013q1/bin/../lib/gcc/arm-none-eabi/4.7.3/armv7e-m/fpu/crtn.o
 *crtbegin.o(.ctors)
 *crtbegin?.o(.ctors)
 *(EXCLUDE_FILE(*crtend.o *crtend?.o) .ctors)
 *(SORT(.ctors.*))
 *(.ctors)
 *crtbegin.o(.dtors)
 *crtbegin?.o(.dtors)
 *(EXCLUDE_FILE(*crtend.o *crtend?.o) .dtors)
 *(SORT(.dtors.*))
 *(.dtors)
 *(.rodata*)
 .rodata        0x0800b994        0x4 ..\obj\stm32f4xx_usart.o
 .rodata        0x0800b998      0x230 ..\obj\main.o
                0x0800b998                azymut7
                0x0800b9a4                elewacja7
 .rodata        0x0800bbc8       0x14 ..\obj\itoa.o
 .rodata.str1.4
                0x0800bbdc        0x2 c:/linaro/gnu tools arm embedded/4.7 2013q1/bin/../lib/gcc/arm-none-eabi/4.7.3/../../../../arm-none-eabi/lib/armv7e-m/fpu\libc.a(lib_a-impure.o)
                                  0x4 (size before relaxing)
 *fill*         0x0800bbde        0x2 00
 .rodata._global_impure_ptr
                0x0800bbe0        0x4 c:/linaro/gnu tools arm embedded/4.7 2013q1/bin/../lib/gcc/arm-none-eabi/4.7.3/../../../../arm-none-eabi/lib/armv7e-m/fpu\libc.a(lib_a-impure.o)
                0x0800bbe0                _global_impure_ptr
 .rodata.str1.4
                0x0800bbe4        0xf c:/linaro/gnu tools arm embedded/4.7 2013q1/bin/../lib/gcc/arm-none-eabi/4.7.3/../../../../arm-none-eabi/lib/armv7e-m/fpu\libc.a(lib_a-strtod.o)
                                 0x10 (size before relaxing)
 *fill*         0x0800bbf3        0x5 00
 .rodata.tinytens
                0x0800bbf8       0x28 c:/linaro/gnu tools arm embedded/4.7 2013q1/bin/../lib/gcc/arm-none-eabi/4.7.3/../../../../arm-none-eabi/lib/armv7e-m/fpu\libc.a(lib_a-strtod.o)
 .rodata.str1.4
                0x0800bc20       0x42 c:/linaro/gnu tools arm embedded/4.7 2013q1/bin/../lib/gcc/arm-none-eabi/4.7.3/../../../../arm-none-eabi/lib/armv7e-m/fpu\libc.a(lib_a-svfprintf.o)
                                 0x44 (size before relaxing)
 *fill*         0x0800bc62        0x2 00
 .rodata.zeroes.6721
                0x0800bc64       0x10 c:/linaro/gnu tools arm embedded/4.7 2013q1/bin/../lib/gcc/arm-none-eabi/4.7.3/../../../../arm-none-eabi/lib/armv7e-m/fpu\libc.a(lib_a-svfprintf.o)
 .rodata.blanks.6720
                0x0800bc74       0x10 c:/linaro/gnu tools arm embedded/4.7 2013q1/bin/../lib/gcc/arm-none-eabi/4.7.3/../../../../arm-none-eabi/lib/armv7e-m/fpu\libc.a(lib_a-svfprintf.o)
 .rodata.str1.4
                0x0800bc84       0x10 c:/linaro/gnu tools arm embedded/4.7 2013q1/bin/../lib/gcc/arm-none-eabi/4.7.3/../../../../arm-none-eabi/lib/armv7e-m/fpu\libc.a(lib_a-dtoa.o)
                                 0x14 (size before relaxing)
 .rodata.str1.4
                0x0800bc94       0x1b c:/linaro/gnu tools arm embedded/4.7 2013q1/bin/../lib/gcc/arm-none-eabi/4.7.3/../../../../arm-none-eabi/lib/armv7e-m/fpu\libc.a(lib_a-gdtoa-gethex.o)
                                 0x1c (size before relaxing)
 *fill*         0x0800bcaf        0x1 00
 .rodata.str1.4
                0x0800bcb0        0xc c:/linaro/gnu tools arm embedded/4.7 2013q1/bin/../lib/gcc/arm-none-eabi/4.7.3/../../../../arm-none-eabi/lib/armv7e-m/fpu\libc.a(lib_a-locale.o)
                                 0x14 (size before relaxing)
 .rodata.p05.5242
                0x0800bcbc        0xc c:/linaro/gnu tools arm embedded/4.7 2013q1/bin/../lib/gcc/arm-none-eabi/4.7.3/../../../../arm-none-eabi/lib/armv7e-m/fpu\libc.a(lib_a-mprec.o)
 .rodata.__mprec_tens
                0x0800bcc8       0xc8 c:/linaro/gnu tools arm embedded/4.7 2013q1/bin/../lib/gcc/arm-none-eabi/4.7.3/../../../../arm-none-eabi/lib/armv7e-m/fpu\libc.a(lib_a-mprec.o)
                0x0800bcc8                __mprec_tens
 .rodata.__mprec_bigtens
                0x0800bd90       0x28 c:/linaro/gnu tools arm embedded/4.7 2013q1/bin/../lib/gcc/arm-none-eabi/4.7.3/../../../../arm-none-eabi/lib/armv7e-m/fpu\libc.a(lib_a-mprec.o)
                0x0800bd90                __mprec_bigtens
 *(.eh_fram e*)

.eh_frame       0x0800bdb8        0x0
 .eh_frame      0x0800bdb8        0x0 c:/linaro/gnu tools arm embedded/4.7 2013q1/bin/../lib/gcc/arm-none-eabi/4.7.3/armv7e-m/fpu/crtbegin.o

.glue_7         0x0800bdb8        0x0
 .glue_7        0x00000000        0x0 linker stubs

.glue_7t        0x0800bdb8        0x0
 .glue_7t       0x00000000        0x0 linker stubs

.vfp11_veneer   0x0800bdb8        0x0
 .vfp11_veneer  0x00000000        0x0 linker stubs

.v4_bx          0x0800bdb8        0x0
 .v4_bx         0x00000000        0x0 linker stubs

.iplt           0x0800bdb8        0x0
 .iplt          0x00000000        0x0 c:/linaro/gnu tools arm embedded/4.7 2013q1/bin/../lib/gcc/arm-none-eabi/4.7.3/armv7e-m/fpu/crtbegin.o

.ARM.extab
 *(.ARM.extab* .gnu.linkonce.armextab.*)
                0x0800bdb8                __exidx_start = .

.ARM.exidx      0x0800bdb8        0x8
 *(.ARM.exidx* .gnu.linkonce.armexidx.*)
 .ARM.exidx     0x0800bdb8        0x8 c:/linaro/gnu tools arm embedded/4.7 2013q1/bin/../lib/gcc/arm-none-eabi/4.7.3/armv7e-m/fpu\libgcc.a(_divdi3.o)
 .ARM.exidx     0x0800bdc0        0x0 c:/linaro/gnu tools arm embedded/4.7 2013q1/bin/../lib/gcc/arm-none-eabi/4.7.3/armv7e-m/fpu\libgcc.a(_udivdi3.o)
                                  0x8 (size before relaxing)
                0x0800bdc0                __exidx_end = .
                0x0800bdc0                __etext = .
                0x0800bdc0                _sidata = __etext

.rel.dyn        0x0800bdc0        0x0
 .rel.iplt      0x00000000        0x0 c:/linaro/gnu tools arm embedded/4.7 2013q1/bin/../lib/gcc/arm-none-eabi/4.7.3/armv7e-m/fpu/crtbegin.o

.data           0x20000000      0x8e4 load address 0x0800bdc0
                0x20000000                __data_start__ = .
                0x20000000                _sdata = __data_start__
 *(vtable)
 *(.data*)
 .data          0x20000000       0x10 ..\obj\stm32f4xx_rcc.o
 .data          0x20000010        0x2 ..\obj\dacinit.o
                0x20000010                SelectedWavesForm
                0x20000011                KeyPressed
 *fill*         0x20000012        0x2 00
 .data          0x20000014       0x24 ..\obj\mkterm.o
                0x20000014                UCLS
                0x2000001c                UHOME
                0x20000024                UCURHIDE
                0x2000002c                UCURSHOW
                0x20000034                UATROFF
 .data.impure_data
                0x20000038      0x428 c:/linaro/gnu tools arm embedded/4.7 2013q1/bin/../lib/gcc/arm-none-eabi/4.7.3/../../../../arm-none-eabi/lib/armv7e-m/fpu\libc.a(lib_a-impure.o)
 .data._impure_ptr
                0x20000460        0x4 c:/linaro/gnu tools arm embedded/4.7 2013q1/bin/../lib/gcc/arm-none-eabi/4.7.3/../../../../arm-none-eabi/lib/armv7e-m/fpu\libc.a(lib_a-impure.o)
                0x20000460                _impure_ptr
 .data.fpi.5202
                0x20000464       0x14 c:/linaro/gnu tools arm embedded/4.7 2013q1/bin/../lib/gcc/arm-none-eabi/4.7.3/../../../../arm-none-eabi/lib/armv7e-m/fpu\libc.a(lib_a-strtod.o)
 .data.fpinan.5238
                0x20000478       0x14 c:/linaro/gnu tools arm embedded/4.7 2013q1/bin/../lib/gcc/arm-none-eabi/4.7.3/../../../../arm-none-eabi/lib/armv7e-m/fpu\libc.a(lib_a-strtod.o)
 .data.lconv    0x2000048c       0x38 c:/linaro/gnu tools arm embedded/4.7 2013q1/bin/../lib/gcc/arm-none-eabi/4.7.3/../../../../arm-none-eabi/lib/armv7e-m/fpu\libc.a(lib_a-locale.o)
 .data.__malloc_av_
                0x200004c4      0x408 c:/linaro/gnu tools arm embedded/4.7 2013q1/bin/../lib/gcc/arm-none-eabi/4.7.3/../../../../arm-none-eabi/lib/armv7e-m/fpu\libc.a(lib_a-mallocr.o)
                0x200004c4                __malloc_av_
 .data.__malloc_trim_threshold
                0x200008cc        0x4 c:/linaro/gnu tools arm embedded/4.7 2013q1/bin/../lib/gcc/arm-none-eabi/4.7.3/../../../../arm-none-eabi/lib/armv7e-m/fpu\libc.a(lib_a-mallocr.o)
                0x200008cc                __malloc_trim_threshold
 .data.__malloc_sbrk_base
                0x200008d0        0x4 c:/linaro/gnu tools arm embedded/4.7 2013q1/bin/../lib/gcc/arm-none-eabi/4.7.3/../../../../arm-none-eabi/lib/armv7e-m/fpu\libc.a(lib_a-mallocr.o)
                0x200008d0                __malloc_sbrk_base
                0x200008d4                . = ALIGN (0x4)
                0x200008d4                PROVIDE (__preinit_array_start, .)
 *(.preinit_array)
                0x200008d4                PROVIDE (__preinit_array_end, .)
                0x200008d4                . = ALIGN (0x4)
                0x200008d4                PROVIDE (__init_array_start, .)
 *(SORT(.init_array.*))
 .init_array.00000
                0x200008d4        0x4 c:/linaro/gnu tools arm embedded/4.7 2013q1/bin/../lib/gcc/arm-none-eabi/4.7.3/../../../../arm-none-eabi/lib/armv7e-m/fpu\libc.a(lib_a-__call_atexit.o)
 *(.init_array)
 .init_array    0x200008d8        0x4 c:/linaro/gnu tools arm embedded/4.7 2013q1/bin/../lib/gcc/arm-none-eabi/4.7.3/armv7e-m/fpu/crtbegin.o
                0x200008dc                PROVIDE (__init_array_end, .)
                0x200008dc                . = ALIGN (0x4)
                0x200008dc                PROVIDE (__fini_array_start, .)
 *(SORT(.fini_array.*))
 *(.fini_array)
 .fini_array    0x200008dc        0x4 c:/linaro/gnu tools arm embedded/4.7 2013q1/bin/../lib/gcc/arm-none-eabi/4.7.3/armv7e-m/fpu/crtbegin.o
                0x200008e0                PROVIDE (__fini_array_end, .)
 *(.jcr*)
 .jcr           0x200008e0        0x0 c:/linaro/gnu tools arm embedded/4.7 2013q1/bin/../lib/gcc/arm-none-eabi/4.7.3/armv7e-m/fpu/crtbegin.o
 .jcr           0x200008e0        0x4 c:/linaro/gnu tools arm embedded/4.7 2013q1/bin/../lib/gcc/arm-none-eabi/4.7.3/armv7e-m/fpu/crtend.o
                0x200008e4                . = ALIGN (0x4)
                0x200008e4                __data_end__ = .
                0x200008e4                _edata = __data_end__

.igot.plt       0x200008e4        0x0 load address 0x0800c6a4
 .igot.plt      0x00000000        0x0 c:/linaro/gnu tools arm embedded/4.7 2013q1/bin/../lib/gcc/arm-none-eabi/4.7.3/armv7e-m/fpu/crtbegin.o

.bss            0x200008e8      0x3bc load address 0x0800c6a8
                0x200008e8                . = ALIGN (0x4)
                0x200008e8                __bss_start__ = .
                0x200008e8                _sbss = __bss_start__
 *(.bss*)
 .bss           0x200008e8       0x1c c:/linaro/gnu tools arm embedded/4.7 2013q1/bin/../lib/gcc/arm-none-eabi/4.7.3/armv7e-m/fpu/crtbegin.o
 .bss           0x20000904       0x10 ..\obj\RTC_LSI.o
                0x20000904                LsiFreq
                0x20000908                CaptureNumber
                0x2000090c                PeriodValue
                0x20000910                tmpCC4
 *fill*         0x20000914        0x4 00
 .bss           0x20000918       0x58 ..\obj\main.o
 .bss           0x20000970        0x4 ..\obj\syscalls.o
 .bss.__malloc_max_total_mem
                0x20000974        0x4 c:/linaro/gnu tools arm embedded/4.7 2013q1/bin/../lib/gcc/arm-none-eabi/4.7.3/../../../../arm-none-eabi/lib/armv7e-m/fpu\libc.a(lib_a-mallocr.o)
                0x20000974                __malloc_max_total_mem
 .bss.__malloc_max_sbrked_mem
                0x20000978        0x4 c:/linaro/gnu tools arm embedded/4.7 2013q1/bin/../lib/gcc/arm-none-eabi/4.7.3/../../../../arm-none-eabi/lib/armv7e-m/fpu\libc.a(lib_a-mallocr.o)
                0x20000978                __malloc_max_sbrked_mem
 .bss.__malloc_top_pad
                0x2000097c        0x4 c:/linaro/gnu tools arm embedded/4.7 2013q1/bin/../lib/gcc/arm-none-eabi/4.7.3/../../../../arm-none-eabi/lib/armv7e-m/fpu\libc.a(lib_a-mallocr.o)
                0x2000097c                __malloc_top_pad
 .bss.__malloc_current_mallinfo
                0x20000980       0x28 c:/linaro/gnu tools arm embedded/4.7 2013q1/bin/../lib/gcc/arm-none-eabi/4.7.3/../../../../arm-none-eabi/lib/armv7e-m/fpu\libc.a(lib_a-mallocr.o)
                0x20000980                __malloc_current_mallinfo
 *(COMMON)
 COMMON         0x200009a8      0x1f5 ..\obj\main.o
                0x200009a8                czaswodoutstart
                0x200009aa                Timer3
                0x200009ac                czaswodout
                0x200009b0                Adamas
                0x20000a30                flagag
                0x20000a34                RTC_TimeStruct
                0x20000a38                flaga_rs
                0x20000a3c                flagaback
                0x20000a40                tpt100
                0x20000a58                czasstart
                0x20000a5c                time_rtc
                0x20000a60                cnt
                0x20000a64                ADCVoltage
                0x20000a84                flagazimno
                0x20000a88                sradc
                0x20000a98                hourpop
                0x20000a9c                TimingDelay
                0x20000aa0                azymutg
                0x20000aa1                kanal
                0x20000aa2                flagastart
                0x20000aa4                ADC3ConvertedValue
                0x20000ab0                DAC_InitStructure
                0x20000ac0                tabl_wynikow
                0x20000b50                hour
                0x20000b58                liczba1
                0x20000b60                flagaobieg
                0x20000b61                secpop
                0x20000b64                GPIO_InitStructure
                0x20000b6c                chanels_id
                0x20000b70                nTime
                0x20000b74                sec
                0x20000b78                ADCValue
                0x20000b80                Timer2
                0x20000b82                flagasec
                0x20000b83                stan
                0x20000b84                Timer1
                0x20000b86                czasstop
                0x20000b88                elewacjag
                0x20000b8c                received_string
                0x20000b9c                flagabieg
 *fill*         0x20000b9d        0x3 00
 COMMON         0x20000ba0      0x100 c:/linaro/gnu tools arm embedded/4.7 2013q1/bin/../lib/gcc/arm-none-eabi/4.7.3/../../../../arm-none-eabi/lib/armv7e-m/fpu\libc.a(lib_a-gdtoa-gethex.o)
                0x20000ba0                __hexdig
 COMMON         0x20000ca0        0x4 c:/linaro/gnu tools arm embedded/4.7 2013q1/bin/../lib/gcc/arm-none-eabi/4.7.3/../../../../arm-none-eabi/lib/armv7e-m/fpu\libc.a(lib_a-reent.o)
                0x20000ca0                errno
                0x20000ca4                . = ALIGN (0x4)
                0x20000ca4                __bss_end__ = .
                0x20000ca4                _ebss = __bss_end__

.heap           0x20000ca4        0x0
                0x20000ca4                __end__ = .
                0x20000ca4                _end = __end__
                0x20000ca4                end = __end__
 *(.heap*)
                0x20000ca4                __HeapLimit = .

.co_stack       0x20000ca4     0x2004 load address 0x0800ca64
                0x20000ca8                . = ALIGN (0x8)
 *fill*         0x20000ca4        0x4 00
 *(.co_stack .co_stack.*)
 .co_stack      0x20000ca8     0x2000 ..\obj\startup_stm32f4xx.o
                0x20000ca8                pulStack
                0x20020000                __StackTop = (ORIGIN (ram) + 0x20000)
                0x2001dffc                __StackLimit = (__StackTop - SIZEOF (.co_stack))
                0x20020000                PROVIDE (__stack, __StackTop)
                0x00000001                ASSERT ((__StackLimit >= __HeapLimit), region ram  overflowed with stack)
LOAD ..\obj\HyperTerminal.o
LOAD ..\obj\RTC_LSI.o
LOAD ..\obj\tm_stm32f4_hd44780.o
LOAD ..\obj\stm32f4xx_usart.o
LOAD ..\obj\stm32f4xx_pwr.o
LOAD ..\obj\stm32f4xx_dac.o
LOAD ..\obj\startup_stm32f4xx.o
LOAD ..\obj\main.o
LOAD ..\obj\stm32f4xx_rcc.o
LOAD ..\obj\stm32f4xx_adc.o
LOAD ..\obj\tm_stm32f4_delay.o
LOAD ..\obj\gpio.o
LOAD ..\obj\dacinit.o
LOAD ..\obj\tm_stm32f4_i2c.o
LOAD ..\obj\stm32f4xx_gpio.o
LOAD ..\obj\stm32f4xx_flash.o
LOAD ..\obj\system_stm32f4xx.o
LOAD ..\obj\syscalls.o
LOAD ..\obj\stm32f4xx_dma.o
LOAD ..\obj\tm_stm32f4_ds1307.o
LOAD ..\obj\itoa.o
LOAD ..\obj\stm32f4xx_i2c.o
LOAD ..\obj\stm32f4xx_exti.o
LOAD ..\obj\misc.o
LOAD ..\obj\mkterm.o
LOAD ..\obj\stm32f4xx_rtc.o
LOAD ..\obj\stm32f4xx_tim.o
LOAD c:/linaro/gnu tools arm embedded/4.7 2013q1/bin/../lib/gcc/arm-none-eabi/4.7.3/../../../../arm-none-eabi/lib/armv7e-m/fpu\libm.a
LOAD c:/linaro/gnu tools arm embedded/4.7 2013q1/bin/../lib/gcc/arm-none-eabi/4.7.3/armv7e-m/fpu\libgcc.a
LOAD c:/linaro/gnu tools arm embedded/4.7 2013q1/bin/../lib/gcc/arm-none-eabi/4.7.3/../../../../arm-none-eabi/lib/armv7e-m/fpu\libc.a
START GROUP
LOAD c:/linaro/gnu tools arm embedded/4.7 2013q1/bin/../lib/gcc/arm-none-eabi/4.7.3/armv7e-m/fpu\libgcc.a
LOAD c:/linaro/gnu tools arm embedded/4.7 2013q1/bin/../lib/gcc/arm-none-eabi/4.7.3/../../../../arm-none-eabi/lib/armv7e-m/fpu\libg.a
LOAD c:/linaro/gnu tools arm embedded/4.7 2013q1/bin/../lib/gcc/arm-none-eabi/4.7.3/../../../../arm-none-eabi/lib/armv7e-m/fpu\libc.a
END GROUP
LOAD c:/linaro/gnu tools arm embedded/4.7 2013q1/bin/../lib/gcc/arm-none-eabi/4.7.3/armv7e-m/fpu/crtend.o
LOAD c:/linaro/gnu tools arm embedded/4.7 2013q1/bin/../lib/gcc/arm-none-eabi/4.7.3/armv7e-m/fpu/crtn.o
OUTPUT(fuck.elf elf32-littlearm)

.ARM.attributes
                0x00000000       0x32
 .ARM.attributes
                0x00000000       0x24 c:/linaro/gnu tools arm embedded/4.7 2013q1/bin/../lib/gcc/arm-none-eabi/4.7.3/armv7e-m/fpu/crti.o
 .ARM.attributes
                0x00000024       0x36 c:/linaro/gnu tools arm embedded/4.7 2013q1/bin/../lib/gcc/arm-none-eabi/4.7.3/armv7e-m/fpu/crtbegin.o
 .ARM.attributes
                0x0000005a       0x3b ..\obj\RTC_LSI.o
 .ARM.attributes
                0x00000095       0x3b ..\obj\stm32f4xx_usart.o
 .ARM.attributes
                0x000000d0       0x3b ..\obj\stm32f4xx_pwr.o
 .ARM.attributes
                0x0000010b       0x3b ..\obj\startup_stm32f4xx.o
 .ARM.attributes
                0x00000146       0x3b ..\obj\main.o
 .ARM.attributes
                0x00000181       0x3b ..\obj\stm32f4xx_rcc.o
 .ARM.attributes
                0x000001bc       0x3b ..\obj\stm32f4xx_adc.o
 .ARM.attributes
                0x000001f7       0x3b ..\obj\dacinit.o
 .ARM.attributes
                0x00000232       0x3b ..\obj\stm32f4xx_gpio.o
 .ARM.attributes
                0x0000026d       0x3b ..\obj\syscalls.o
 .ARM.attributes
                0x000002a8       0x3b ..\obj\stm32f4xx_dma.o
 .ARM.attributes
                0x000002e3       0x3b ..\obj\itoa.o
 .ARM.attributes
                0x0000031e       0x3b ..\obj\stm32f4xx_exti.o
 .ARM.attributes
                0x00000359       0x3b ..\obj\misc.o
 .ARM.attributes
                0x00000394       0x3b ..\obj\mkterm.o
 .ARM.attributes
                0x000003cf       0x3b ..\obj\stm32f4xx_rtc.o
 .ARM.attributes
                0x0000040a       0x3b ..\obj\stm32f4xx_tim.o
 .ARM.attributes
                0x00000445       0x24 c:/linaro/gnu tools arm embedded/4.7 2013q1/bin/../lib/gcc/arm-none-eabi/4.7.3/armv7e-m/fpu\libgcc.a(_arm_addsubdf3.o)
 .ARM.attributes
                0x00000469       0x24 c:/linaro/gnu tools arm embedded/4.7 2013q1/bin/../lib/gcc/arm-none-eabi/4.7.3/armv7e-m/fpu\libgcc.a(_arm_muldivdf3.o)
 .ARM.attributes
                0x0000048d       0x24 c:/linaro/gnu tools arm embedded/4.7 2013q1/bin/../lib/gcc/arm-none-eabi/4.7.3/armv7e-m/fpu\libgcc.a(_arm_cmpdf2.o)
 .ARM.attributes
                0x000004b1       0x36 c:/linaro/gnu tools arm embedded/4.7 2013q1/bin/../lib/gcc/arm-none-eabi/4.7.3/../../../../arm-none-eabi/lib/armv7e-m/fpu\libc.a(lib_a-__atexit.o)
 .ARM.attributes
                0x000004e7       0x36 c:/linaro/gnu tools arm embedded/4.7 2013q1/bin/../lib/gcc/arm-none-eabi/4.7.3/../../../../arm-none-eabi/lib/armv7e-m/fpu\libc.a(lib_a-fini.o)
 .ARM.attributes
                0x0000051d       0x36 c:/linaro/gnu tools arm embedded/4.7 2013q1/bin/../lib/gcc/arm-none-eabi/4.7.3/../../../../arm-none-eabi/lib/armv7e-m/fpu\libc.a(lib_a-impure.o)
 .ARM.attributes
                0x00000553       0x36 c:/linaro/gnu tools arm embedded/4.7 2013q1/bin/../lib/gcc/arm-none-eabi/4.7.3/../../../../arm-none-eabi/lib/armv7e-m/fpu\libc.a(lib_a-memset.o)
 .ARM.attributes
                0x00000589       0x36 c:/linaro/gnu tools arm embedded/4.7 2013q1/bin/../lib/gcc/arm-none-eabi/4.7.3/../../../../arm-none-eabi/lib/armv7e-m/fpu\libc.a(lib_a-sprintf.o)
 .ARM.attributes
                0x000005bf       0x36 c:/linaro/gnu tools arm embedded/4.7 2013q1/bin/../lib/gcc/arm-none-eabi/4.7.3/../../../../arm-none-eabi/lib/armv7e-m/fpu\libc.a(lib_a-strtod.o)
 .ARM.attributes
                0x000005f5       0x36 c:/linaro/gnu tools arm embedded/4.7 2013q1/bin/../lib/gcc/arm-none-eabi/4.7.3/../../../../arm-none-eabi/lib/armv7e-m/fpu\libc.a(lib_a-svfprintf.o)
 .ARM.attributes
                0x0000062b       0x36 c:/linaro/gnu tools arm embedded/4.7 2013q1/bin/../lib/gcc/arm-none-eabi/4.7.3/../../../../arm-none-eabi/lib/armv7e-m/fpu\libc.a(lib_a-__call_atexit.o)
 .ARM.attributes
                0x00000661       0x36 c:/linaro/gnu tools arm embedded/4.7 2013q1/bin/../lib/gcc/arm-none-eabi/4.7.3/../../../../arm-none-eabi/lib/armv7e-m/fpu\libc.a(lib_a-atexit.o)
 .ARM.attributes
                0x00000697       0x36 c:/linaro/gnu tools arm embedded/4.7 2013q1/bin/../lib/gcc/arm-none-eabi/4.7.3/../../../../arm-none-eabi/lib/armv7e-m/fpu\libc.a(lib_a-dtoa.o)
 .ARM.attributes
                0x000006cd       0x36 c:/linaro/gnu tools arm embedded/4.7 2013q1/bin/../lib/gcc/arm-none-eabi/4.7.3/../../../../arm-none-eabi/lib/armv7e-m/fpu\libc.a(lib_a-freer.o)
 .ARM.attributes
                0x00000703       0x36 c:/linaro/gnu tools arm embedded/4.7 2013q1/bin/../lib/gcc/arm-none-eabi/4.7.3/../../../../arm-none-eabi/lib/armv7e-m/fpu\libc.a(lib_a-gdtoa-gethex.o)
 .ARM.attributes
                0x00000739       0x36 c:/linaro/gnu tools arm embedded/4.7 2013q1/bin/../lib/gcc/arm-none-eabi/4.7.3/../../../../arm-none-eabi/lib/armv7e-m/fpu\libc.a(lib_a-gdtoa-hexnan.o)
 .ARM.attributes
                0x0000076f       0x36 c:/linaro/gnu tools arm embedded/4.7 2013q1/bin/../lib/gcc/arm-none-eabi/4.7.3/../../../../arm-none-eabi/lib/armv7e-m/fpu\libc.a(lib_a-locale.o)
 .ARM.attributes
                0x000007a5       0x36 c:/linaro/gnu tools arm embedded/4.7 2013q1/bin/../lib/gcc/arm-none-eabi/4.7.3/../../../../arm-none-eabi/lib/armv7e-m/fpu\libc.a(lib_a-mallocr.o)
 .ARM.attributes
                0x000007db       0x36 c:/linaro/gnu tools arm embedded/4.7 2013q1/bin/../lib/gcc/arm-none-eabi/4.7.3/../../../../arm-none-eabi/lib/armv7e-m/fpu\libc.a(lib_a-memchr.o)
 .ARM.attributes
                0x00000811       0x36 c:/linaro/gnu tools arm embedded/4.7 2013q1/bin/../lib/gcc/arm-none-eabi/4.7.3/../../../../arm-none-eabi/lib/armv7e-m/fpu\libc.a(lib_a-memcpy.o)
 .ARM.attributes
                0x00000847       0x36 c:/linaro/gnu tools arm embedded/4.7 2013q1/bin/../lib/gcc/arm-none-eabi/4.7.3/../../../../arm-none-eabi/lib/armv7e-m/fpu\libc.a(lib_a-mlock.o)
 .ARM.attributes
                0x0000087d       0x36 c:/linaro/gnu tools arm embedded/4.7 2013q1/bin/../lib/gcc/arm-none-eabi/4.7.3/../../../../arm-none-eabi/lib/armv7e-m/fpu\libc.a(lib_a-mprec.o)
 .ARM.attributes
                0x000008b3       0x36 c:/linaro/gnu tools arm embedded/4.7 2013q1/bin/../lib/gcc/arm-none-eabi/4.7.3/../../../../arm-none-eabi/lib/armv7e-m/fpu\libc.a(lib_a-s_fpclassify.o)
 .ARM.attributes
                0x000008e9       0x36 c:/linaro/gnu tools arm embedded/4.7 2013q1/bin/../lib/gcc/arm-none-eabi/4.7.3/../../../../arm-none-eabi/lib/armv7e-m/fpu\libc.a(lib_a-sbrkr.o)
 .ARM.attributes
                0x0000091f       0x36 c:/linaro/gnu tools arm embedded/4.7 2013q1/bin/../lib/gcc/arm-none-eabi/4.7.3/../../../../arm-none-eabi/lib/armv7e-m/fpu\libc.a(lib_a-strlen.o)
 .ARM.attributes
                0x00000955       0x36 c:/linaro/gnu tools arm embedded/4.7 2013q1/bin/../lib/gcc/arm-none-eabi/4.7.3/../../../../arm-none-eabi/lib/armv7e-m/fpu\libc.a(lib_a-strncmp.o)
 .ARM.attributes
                0x0000098b       0x36 c:/linaro/gnu tools arm embedded/4.7 2013q1/bin/../lib/gcc/arm-none-eabi/4.7.3/../../../../arm-none-eabi/lib/armv7e-m/fpu\libc.a(lib_a-svfiprintf.o)
 .ARM.attributes
                0x000009c1       0x36 c:/linaro/gnu tools arm embedded/4.7 2013q1/bin/../lib/gcc/arm-none-eabi/4.7.3/../../../../arm-none-eabi/lib/armv7e-m/fpu\libc.a(lib_a-callocr.o)
 .ARM.attributes
                0x000009f7       0x36 c:/linaro/gnu tools arm embedded/4.7 2013q1/bin/../lib/gcc/arm-none-eabi/4.7.3/../../../../arm-none-eabi/lib/armv7e-m/fpu\libc.a(lib_a-memmove.o)
 .ARM.attributes
                0x00000a2d       0x36 c:/linaro/gnu tools arm embedded/4.7 2013q1/bin/../lib/gcc/arm-none-eabi/4.7.3/../../../../arm-none-eabi/lib/armv7e-m/fpu\libc.a(lib_a-reallocr.o)
 .ARM.attributes
                0x00000a63       0x36 c:/linaro/gnu tools arm embedded/4.7 2013q1/bin/../lib/gcc/arm-none-eabi/4.7.3/../../../../arm-none-eabi/lib/armv7e-m/fpu\libc.a(lib_a-reent.o)
 .ARM.attributes
                0x00000a99       0x24 c:/linaro/gnu tools arm embedded/4.7 2013q1/bin/../lib/gcc/arm-none-eabi/4.7.3/armv7e-m/fpu\libgcc.a(_arm_fixdfsi.o)
 .ARM.attributes
                0x00000abd       0x24 c:/linaro/gnu tools arm embedded/4.7 2013q1/bin/../lib/gcc/arm-none-eabi/4.7.3/armv7e-m/fpu\libgcc.a(_arm_fixunsdfsi.o)
 .ARM.attributes
                0x00000ae1       0x24 c:/linaro/gnu tools arm embedded/4.7 2013q1/bin/../lib/gcc/arm-none-eabi/4.7.3/armv7e-m/fpu\libgcc.a(_aeabi_uldivmod.o)
 .ARM.attributes
                0x00000b05       0x36 c:/linaro/gnu tools arm embedded/4.7 2013q1/bin/../lib/gcc/arm-none-eabi/4.7.3/armv7e-m/fpu\libgcc.a(bpabi.o)
 .ARM.attributes
                0x00000b3b       0x24 c:/linaro/gnu tools arm embedded/4.7 2013q1/bin/../lib/gcc/arm-none-eabi/4.7.3/armv7e-m/fpu\libgcc.a(_dvmd_tls.o)
 .ARM.attributes
                0x00000b5f       0x36 c:/linaro/gnu tools arm embedded/4.7 2013q1/bin/../lib/gcc/arm-none-eabi/4.7.3/armv7e-m/fpu\libgcc.a(_divdi3.o)
 .ARM.attributes
                0x00000b95       0x36 c:/linaro/gnu tools arm embedded/4.7 2013q1/bin/../lib/gcc/arm-none-eabi/4.7.3/armv7e-m/fpu\libgcc.a(_udivdi3.o)
 .ARM.attributes
                0x00000bcb       0x36 c:/linaro/gnu tools arm embedded/4.7 2013q1/bin/../lib/gcc/arm-none-eabi/4.7.3/armv7e-m/fpu/crtend.o
 .ARM.attributes
                0x00000c01       0x24 c:/linaro/gnu tools arm embedded/4.7 2013q1/bin/../lib/gcc/arm-none-eabi/4.7.3/armv7e-m/fpu/crtn.o

.comment        0x00000000       0x70
 .comment       0x00000000       0x70 ..\obj\RTC_LSI.o
                                 0x71 (size before relaxing)
 .comment       0x00000000       0x71 ..\obj\stm32f4xx_usart.o
 .comment       0x00000000       0x71 ..\obj\stm32f4xx_pwr.o
 .comment       0x00000000       0x71 ..\obj\startup_stm32f4xx.o
 .comment       0x00000000       0x71 ..\obj\main.o
 .comment       0x00000000       0x71 ..\obj\stm32f4xx_rcc.o
 .comment       0x00000000       0x71 ..\obj\stm32f4xx_adc.o
 .comment       0x00000000       0x71 ..\obj\dacinit.o
 .comment       0x00000000       0x71 ..\obj\stm32f4xx_gpio.o
 .comment       0x00000000       0x71 ..\obj\syscalls.o
 .comment       0x00000000       0x71 ..\obj\stm32f4xx_dma.o
 .comment       0x00000000       0x71 ..\obj\itoa.o
 .comment       0x00000000       0x71 ..\obj\stm32f4xx_exti.o
 .comment       0x00000000       0x71 ..\obj\misc.o
 .comment       0x00000000       0x71 ..\obj\mkterm.o
 .comment       0x00000000       0x71 ..\obj\stm32f4xx_rtc.o
 .comment       0x00000000       0x71 ..\obj\stm32f4xx_tim.o

.debug_info     0x00000000     0xae52
 .debug_info    0x00000000      0xc1e ..\obj\RTC_LSI.o
 .debug_info    0x00000c1e      0xce3 ..\obj\stm32f4xx_usart.o
 .debug_info    0x00001901      0x543 ..\obj\stm32f4xx_pwr.o
 .debug_info    0x00001e44      0x103 ..\obj\startup_stm32f4xx.o
 .debug_info    0x00001f47     0x1864 ..\obj\main.o
 .debug_info    0x000037ab      0xd49 ..\obj\stm32f4xx_rcc.o
 .debug_info    0x000044f4      0xd14 ..\obj\stm32f4xx_adc.o
 .debug_info    0x00005208      0x980 ..\obj\dacinit.o
 .debug_info    0x00005b88      0x640 ..\obj\stm32f4xx_gpio.o
 .debug_info    0x000061c8      0x64c ..\obj\syscalls.o
 .debug_info    0x00006814      0x7af ..\obj\stm32f4xx_dma.o
 .debug_info    0x00006fc3      0x172 ..\obj\itoa.o
 .debug_info    0x00007135      0x373 ..\obj\stm32f4xx_exti.o
 .debug_info    0x000074a8      0x592 ..\obj\misc.o
 .debug_info    0x00007a3a      0x346 ..\obj\mkterm.o
 .debug_info    0x00007d80     0x1255 ..\obj\stm32f4xx_rtc.o
 .debug_info    0x00008fd5     0x1e7d ..\obj\stm32f4xx_tim.o

.debug_abbrev   0x00000000     0x1938
 .debug_abbrev  0x00000000      0x19f ..\obj\RTC_LSI.o
 .debug_abbrev  0x0000019f      0x1b9 ..\obj\stm32f4xx_usart.o
 .debug_abbrev  0x00000358      0x181 ..\obj\stm32f4xx_pwr.o
 .debug_abbrev  0x000004d9       0xb2 ..\obj\startup_stm32f4xx.o
 .debug_abbrev  0x0000058b      0x2b0 ..\obj\main.o
 .debug_abbrev  0x0000083b      0x1e5 ..\obj\stm32f4xx_rcc.o
 .debug_abbrev  0x00000a20      0x198 ..\obj\stm32f4xx_adc.o
 .debug_abbrev  0x00000bb8      0x163 ..\obj\dacinit.o
 .debug_abbrev  0x00000d1b      0x1a5 ..\obj\stm32f4xx_gpio.o
 .debug_abbrev  0x00000ec0      0x16f ..\obj\syscalls.o
 .debug_abbrev  0x0000102f      0x157 ..\obj\stm32f4xx_dma.o
 .debug_abbrev  0x00001186       0xc7 ..\obj\itoa.o
 .debug_abbrev  0x0000124d      0x1a7 ..\obj\stm32f4xx_exti.o
 .debug_abbrev  0x000013f4      0x129 ..\obj\misc.o
 .debug_abbrev  0x0000151d       0xe2 ..\obj\mkterm.o
 .debug_abbrev  0x000015ff      0x1b0 ..\obj\stm32f4xx_rtc.o
 .debug_abbrev  0x000017af      0x189 ..\obj\stm32f4xx_tim.o

.debug_loc      0x00000000     0x514c
 .debug_loc     0x00000000      0x138 ..\obj\RTC_LSI.o
 .debug_loc     0x00000138      0x770 ..\obj\stm32f4xx_usart.o
 .debug_loc     0x000008a8      0x288 ..\obj\stm32f4xx_pwr.o
 .debug_loc     0x00000b30       0x64 ..\obj\startup_stm32f4xx.o
 .debug_loc     0x00000b94      0x46a ..\obj\main.o
 .debug_loc     0x00000ffe      0x97c ..\obj\stm32f4xx_rcc.o
 .debug_loc     0x0000197a      0x838 ..\obj\stm32f4xx_adc.o
 .debug_loc     0x000021b2      0x182 ..\obj\dacinit.o
 .debug_loc     0x00002334      0x310 ..\obj\stm32f4xx_gpio.o
 .debug_loc     0x00002644      0x1ec ..\obj\syscalls.o
 .debug_loc     0x00002830      0x428 ..\obj\stm32f4xx_dma.o
 .debug_loc     0x00002c58       0x70 ..\obj\itoa.o
 .debug_loc     0x00002cc8      0x1b4 ..\obj\stm32f4xx_exti.o
 .debug_loc     0x00002e7c      0x118 ..\obj\misc.o
 .debug_loc     0x00002f94      0x150 ..\obj\mkterm.o
 .debug_loc     0x000030e4      0xc48 ..\obj\stm32f4xx_rtc.o
 .debug_loc     0x00003d2c     0x1420 ..\obj\stm32f4xx_tim.o

.debug_aranges  0x00000000      0xd58
 .debug_aranges
                0x00000000       0x48 ..\obj\RTC_LSI.o
 .debug_aranges
                0x00000048      0x128 ..\obj\stm32f4xx_usart.o
 .debug_aranges
                0x00000170       0x78 ..\obj\stm32f4xx_pwr.o
 .debug_aranges
                0x000001e8       0x28 ..\obj\startup_stm32f4xx.o
 .debug_aranges
                0x00000210       0xc0 ..\obj\main.o
 .debug_aranges
                0x000002d0      0x178 ..\obj\stm32f4xx_rcc.o
 .debug_aranges
                0x00000448      0x148 ..\obj\stm32f4xx_adc.o
 .debug_aranges
                0x00000590       0x50 ..\obj\dacinit.o
 .debug_aranges
                0x000005e0       0x88 ..\obj\stm32f4xx_gpio.o
 .debug_aranges
                0x00000668       0x60 ..\obj\syscalls.o
 .debug_aranges
                0x000006c8       0xb0 ..\obj\stm32f4xx_dma.o
 .debug_aranges
                0x00000778       0x28 ..\obj\itoa.o
 .debug_aranges
                0x000007a0       0x58 ..\obj\stm32f4xx_exti.o
 .debug_aranges
                0x000007f8       0x40 ..\obj\misc.o
 .debug_aranges
                0x00000838       0x48 ..\obj\mkterm.o
 .debug_aranges
                0x00000880      0x1e0 ..\obj\stm32f4xx_rtc.o
 .debug_aranges
                0x00000a60      0x2f8 ..\obj\stm32f4xx_tim.o

.debug_ranges   0x00000000      0xc48
 .debug_ranges  0x00000000       0x38 ..\obj\RTC_LSI.o
 .debug_ranges  0x00000038      0x118 ..\obj\stm32f4xx_usart.o
 .debug_ranges  0x00000150       0x68 ..\obj\stm32f4xx_pwr.o
 .debug_ranges  0x000001b8       0x18 ..\obj\startup_stm32f4xx.o
 .debug_ranges  0x000001d0       0xb0 ..\obj\main.o
 .debug_ranges  0x00000280      0x168 ..\obj\stm32f4xx_rcc.o
 .debug_ranges  0x000003e8      0x138 ..\obj\stm32f4xx_adc.o
 .debug_ranges  0x00000520       0x40 ..\obj\dacinit.o
 .debug_ranges  0x00000560       0x78 ..\obj\stm32f4xx_gpio.o
 .debug_ranges  0x000005d8       0x50 ..\obj\syscalls.o
 .debug_ranges  0x00000628       0xa0 ..\obj\stm32f4xx_dma.o
 .debug_ranges  0x000006c8       0x18 ..\obj\itoa.o
 .debug_ranges  0x000006e0       0x48 ..\obj\stm32f4xx_exti.o
 .debug_ranges  0x00000728       0x30 ..\obj\misc.o
 .debug_ranges  0x00000758       0x38 ..\obj\mkterm.o
 .debug_ranges  0x00000790      0x1d0 ..\obj\stm32f4xx_rtc.o
 .debug_ranges  0x00000960      0x2e8 ..\obj\stm32f4xx_tim.o

.debug_line     0x00000000     0x3f15
 .debug_line    0x00000000      0x2ad ..\obj\RTC_LSI.o
 .debug_line    0x000002ad      0x4bd ..\obj\stm32f4xx_usart.o
 .debug_line    0x0000076a      0x260 ..\obj\stm32f4xx_pwr.o
 .debug_line    0x000009ca       0x99 ..\obj\startup_stm32f4xx.o
 .debug_line    0x00000a63      0x623 ..\obj\main.o
 .debug_line    0x00001086      0x53d ..\obj\stm32f4xx_rcc.o
 .debug_line    0x000015c3      0x4f6 ..\obj\stm32f4xx_adc.o
 .debug_line    0x00001ab9      0x2a3 ..\obj\dacinit.o
 .debug_line    0x00001d5c      0x2e1 ..\obj\stm32f4xx_gpio.o
 .debug_line    0x0000203d      0x28e ..\obj\syscalls.o
 .debug_line    0x000022cb      0x37e ..\obj\stm32f4xx_dma.o
 .debug_line    0x00002649      0x119 ..\obj\itoa.o
 .debug_line    0x00002762      0x247 ..\obj\stm32f4xx_exti.o
 .debug_line    0x000029a9      0x1e7 ..\obj\misc.o
 .debug_line    0x00002b90      0x1b8 ..\obj\mkterm.o
 .debug_line    0x00002d48      0x7b2 ..\obj\stm32f4xx_rtc.o
 .debug_line    0x000034fa      0xa1b ..\obj\stm32f4xx_tim.o

.debug_str      0x00000000     0x40e8
 .debug_str     0x00000000      0xc32 ..\obj\RTC_LSI.o
                                0xc7e (size before relaxing)
 .debug_str     0x00000c32      0x4c8 ..\obj\stm32f4xx_usart.o
                                0x6f4 (size before relaxing)
 .debug_str     0x000010fa      0x1d2 ..\obj\stm32f4xx_pwr.o
                                0x32b (size before relaxing)
 .debug_str     0x000012cc       0xa7 ..\obj\startup_stm32f4xx.o
                                0x10b (size before relaxing)
 .debug_str     0x00001373      0x6bf ..\obj\main.o
                               0x1189 (size before relaxing)
 .debug_str     0x00001a32      0x529 ..\obj\stm32f4xx_rcc.o
                                0x7ea (size before relaxing)
 .debug_str     0x00001f5b      0x4e7 ..\obj\stm32f4xx_adc.o
                                0x79e (size before relaxing)
 .debug_str     0x00002442      0x162 ..\obj\dacinit.o
                                0x810 (size before relaxing)
 .debug_str     0x000025a4      0x19a ..\obj\stm32f4xx_gpio.o
                                0x43d (size before relaxing)
 .debug_str     0x0000273e      0x162 ..\obj\syscalls.o
                                0x351 (size before relaxing)
 .debug_str     0x000028a0      0x25e ..\obj\stm32f4xx_dma.o
                                0x4e6 (size before relaxing)
 .debug_str     0x00002afe       0x5f ..\obj\itoa.o
                                0x152 (size before relaxing)
 .debug_str     0x00002b5d       0xf7 ..\obj\stm32f4xx_exti.o
                                0x308 (size before relaxing)
 .debug_str     0x00002c54      0x103 ..\obj\misc.o
                                0x373 (size before relaxing)
 .debug_str     0x00002d57       0x9c ..\obj\mkterm.o
                                0x204 (size before relaxing)
 .debug_str     0x00002df3      0x8d2 ..\obj\stm32f4xx_rtc.o
                                0xaed (size before relaxing)
 .debug_str     0x000036c5      0xa23 ..\obj\stm32f4xx_tim.o
                                0xd6a (size before relaxing)

.debug_frame    0x00000000     0x34a4
 .debug_frame   0x00000000       0xcc ..\obj\RTC_LSI.o
 .debug_frame   0x000000cc      0x3e8 ..\obj\stm32f4xx_usart.o
 .debug_frame   0x000004b4      0x15c ..\obj\stm32f4xx_pwr.o
 .debug_frame   0x00000610       0x48 ..\obj\startup_stm32f4xx.o
 .debug_frame   0x00000658      0x290 ..\obj\main.o
 .debug_frame   0x000008e8      0x4d8 ..\obj\stm32f4xx_rcc.o
 .debug_frame   0x00000dc0      0x434 ..\obj\stm32f4xx_adc.o
 .debug_frame   0x000011f4       0xec ..\obj\dacinit.o
 .debug_frame   0x000012e0      0x19c ..\obj\stm32f4xx_gpio.o
 .debug_frame   0x0000147c      0x10c ..\obj\syscalls.o
 .debug_frame   0x00001588      0x224 ..\obj\stm32f4xx_dma.o
 .debug_frame   0x000017ac       0x4c ..\obj\itoa.o
 .debug_frame   0x000017f8       0xec ..\obj\stm32f4xx_exti.o
 .debug_frame   0x000018e4       0x9c ..\obj\misc.o
 .debug_frame   0x00001980       0xd0 ..\obj\mkterm.o
 .debug_frame   0x00001a50      0x670 ..\obj\stm32f4xx_rtc.o
 .debug_frame   0x000020c0      0xa3c ..\obj\stm32f4xx_tim.o
 .debug_frame   0x00002afc       0x34 c:/linaro/gnu tools arm embedded/4.7 2013q1/bin/../lib/gcc/arm-none-eabi/4.7.3/../../../../arm-none-eabi/lib/armv7e-m/fpu\libc.a(lib_a-__atexit.o)
 .debug_frame   0x00002b30       0x2c c:/linaro/gnu tools arm embedded/4.7 2013q1/bin/../lib/gcc/arm-none-eabi/4.7.3/../../../../arm-none-eabi/lib/armv7e-m/fpu\libc.a(lib_a-fini.o)
 .debug_frame   0x00002b5c       0x2c c:/linaro/gnu tools arm embedded/4.7 2013q1/bin/../lib/gcc/arm-none-eabi/4.7.3/../../../../arm-none-eabi/lib/armv7e-m/fpu\libc.a(lib_a-memset.o)
 .debug_frame   0x00002b88       0x60 c:/linaro/gnu tools arm embedded/4.7 2013q1/bin/../lib/gcc/arm-none-eabi/4.7.3/../../../../arm-none-eabi/lib/armv7e-m/fpu\libc.a(lib_a-sprintf.o)
 .debug_frame   0x00002be8       0x78 c:/linaro/gnu tools arm embedded/4.7 2013q1/bin/../lib/gcc/arm-none-eabi/4.7.3/../../../../arm-none-eabi/lib/armv7e-m/fpu\libc.a(lib_a-strtod.o)
 .debug_frame   0x00002c60       0x3c c:/linaro/gnu tools arm embedded/4.7 2013q1/bin/../lib/gcc/arm-none-eabi/4.7.3/../../../../arm-none-eabi/lib/armv7e-m/fpu\libc.a(lib_a-svfprintf.o)
 .debug_frame   0x00002c9c       0x48 c:/linaro/gnu tools arm embedded/4.7 2013q1/bin/../lib/gcc/arm-none-eabi/4.7.3/../../../../arm-none-eabi/lib/armv7e-m/fpu\libc.a(lib_a-__call_atexit.o)
 .debug_frame   0x00002ce4       0x20 c:/linaro/gnu tools arm embedded/4.7 2013q1/bin/../lib/gcc/arm-none-eabi/4.7.3/../../../../arm-none-eabi/lib/armv7e-m/fpu\libc.a(lib_a-atexit.o)
 .debug_frame   0x00002d04       0x64 c:/linaro/gnu tools arm embedded/4.7 2013q1/bin/../lib/gcc/arm-none-eabi/4.7.3/../../../../arm-none-eabi/lib/armv7e-m/fpu\libc.a(lib_a-dtoa.o)
 .debug_frame   0x00002d68       0x50 c:/linaro/gnu tools arm embedded/4.7 2013q1/bin/../lib/gcc/arm-none-eabi/4.7.3/../../../../arm-none-eabi/lib/armv7e-m/fpu\libc.a(lib_a-freer.o)
 .debug_frame   0x00002db8       0x6c c:/linaro/gnu tools arm embedded/4.7 2013q1/bin/../lib/gcc/arm-none-eabi/4.7.3/../../../../arm-none-eabi/lib/armv7e-m/fpu\libc.a(lib_a-gdtoa-gethex.o)
 .debug_frame   0x00002e24       0x38 c:/linaro/gnu tools arm embedded/4.7 2013q1/bin/../lib/gcc/arm-none-eabi/4.7.3/../../../../arm-none-eabi/lib/armv7e-m/fpu\libc.a(lib_a-gdtoa-hexnan.o)
 .debug_frame   0x00002e5c       0xa0 c:/linaro/gnu tools arm embedded/4.7 2013q1/bin/../lib/gcc/arm-none-eabi/4.7.3/../../../../arm-none-eabi/lib/armv7e-m/fpu\libc.a(lib_a-locale.o)
 .debug_frame   0x00002efc       0x38 c:/linaro/gnu tools arm embedded/4.7 2013q1/bin/../lib/gcc/arm-none-eabi/4.7.3/../../../../arm-none-eabi/lib/armv7e-m/fpu\libc.a(lib_a-mallocr.o)
 .debug_frame   0x00002f34       0x2c c:/linaro/gnu tools arm embedded/4.7 2013q1/bin/../lib/gcc/arm-none-eabi/4.7.3/../../../../arm-none-eabi/lib/armv7e-m/fpu\libc.a(lib_a-memchr.o)
 .debug_frame   0x00002f60       0x30 c:/linaro/gnu tools arm embedded/4.7 2013q1/bin/../lib/gcc/arm-none-eabi/4.7.3/../../../../arm-none-eabi/lib/armv7e-m/fpu\libc.a(lib_a-memcpy.o)
 .debug_frame   0x00002f90       0x30 c:/linaro/gnu tools arm embedded/4.7 2013q1/bin/../lib/gcc/arm-none-eabi/4.7.3/../../../../arm-none-eabi/lib/armv7e-m/fpu\libc.a(lib_a-mlock.o)
 .debug_frame   0x00002fc0      0x234 c:/linaro/gnu tools arm embedded/4.7 2013q1/bin/../lib/gcc/arm-none-eabi/4.7.3/../../../../arm-none-eabi/lib/armv7e-m/fpu\libc.a(lib_a-mprec.o)
 .debug_frame   0x000031f4       0x20 c:/linaro/gnu tools arm embedded/4.7 2013q1/bin/../lib/gcc/arm-none-eabi/4.7.3/../../../../arm-none-eabi/lib/armv7e-m/fpu\libc.a(lib_a-s_fpclassify.o)
 .debug_frame   0x00003214       0x2c c:/linaro/gnu tools arm embedded/4.7 2013q1/bin/../lib/gcc/arm-none-eabi/4.7.3/../../../../arm-none-eabi/lib/armv7e-m/fpu\libc.a(lib_a-sbrkr.o)
 .debug_frame   0x00003240       0x20 c:/linaro/gnu tools arm embedded/4.7 2013q1/bin/../lib/gcc/arm-none-eabi/4.7.3/../../../../arm-none-eabi/lib/armv7e-m/fpu\libc.a(lib_a-strlen.o)
 .debug_frame   0x00003260       0x2c c:/linaro/gnu tools arm embedded/4.7 2013q1/bin/../lib/gcc/arm-none-eabi/4.7.3/../../../../arm-none-eabi/lib/armv7e-m/fpu\libc.a(lib_a-strncmp.o)
 .debug_frame   0x0000328c       0x64 c:/linaro/gnu tools arm embedded/4.7 2013q1/bin/../lib/gcc/arm-none-eabi/4.7.3/../../../../arm-none-eabi/lib/armv7e-m/fpu\libc.a(lib_a-svfiprintf.o)
 .debug_frame   0x000032f0       0x28 c:/linaro/gnu tools arm embedded/4.7 2013q1/bin/../lib/gcc/arm-none-eabi/4.7.3/../../../../arm-none-eabi/lib/armv7e-m/fpu\libc.a(lib_a-callocr.o)
 .debug_frame   0x00003318       0x30 c:/linaro/gnu tools arm embedded/4.7 2013q1/bin/../lib/gcc/arm-none-eabi/4.7.3/../../../../arm-none-eabi/lib/armv7e-m/fpu\libc.a(lib_a-memmove.o)
 .debug_frame   0x00003348       0x38 c:/linaro/gnu tools arm embedded/4.7 2013q1/bin/../lib/gcc/arm-none-eabi/4.7.3/../../../../arm-none-eabi/lib/armv7e-m/fpu\libc.a(lib_a-reallocr.o)
 .debug_frame   0x00003380       0x6c c:/linaro/gnu tools arm embedded/4.7 2013q1/bin/../lib/gcc/arm-none-eabi/4.7.3/../../../../arm-none-eabi/lib/armv7e-m/fpu\libc.a(lib_a-reent.o)
 .debug_frame   0x000033ec       0x50 c:/linaro/gnu tools arm embedded/4.7 2013q1/bin/../lib/gcc/arm-none-eabi/4.7.3/armv7e-m/fpu\libgcc.a(bpabi.o)
 .debug_frame   0x0000343c       0x34 c:/linaro/gnu tools arm embedded/4.7 2013q1/bin/../lib/gcc/arm-none-eabi/4.7.3/armv7e-m/fpu\libgcc.a(_divdi3.o)
 .debug_frame   0x00003470       0x34 c:/linaro/gnu tools arm embedded/4.7 2013q1/bin/../lib/gcc/arm-none-eabi/4.7.3/armv7e-m/fpu\libgcc.a(_udivdi3.o)
